Archive member included to satisfy reference by file (symbol)

/Users/Richard/bin/arm/gcc-arm-none-eabi-7-2017-q4-major/bin/../lib/gcc/arm-none-eabi/7.2.1/../../../../arm-none-eabi/lib/thumb/v7e-m/fpv5/hard/libc_nano.a(lib_a-exit.o)
                              /Users/Richard/bin/arm/gcc-arm-none-eabi-7-2017-q4-major/bin/../lib/gcc/arm-none-eabi/7.2.1/../../../../arm-none-eabi/lib/thumb/v7e-m/fpv5/hard/crt0.o (exit)
/Users/Richard/bin/arm/gcc-arm-none-eabi-7-2017-q4-major/bin/../lib/gcc/arm-none-eabi/7.2.1/../../../../arm-none-eabi/lib/thumb/v7e-m/fpv5/hard/libc_nano.a(lib_a-impure.o)
                              /Users/Richard/bin/arm/gcc-arm-none-eabi-7-2017-q4-major/bin/../lib/gcc/arm-none-eabi/7.2.1/../../../../arm-none-eabi/lib/thumb/v7e-m/fpv5/hard/libc_nano.a(lib_a-exit.o) (_global_impure_ptr)
/Users/Richard/bin/arm/gcc-arm-none-eabi-7-2017-q4-major/bin/../lib/gcc/arm-none-eabi/7.2.1/../../../../arm-none-eabi/lib/thumb/v7e-m/fpv5/hard/libc_nano.a(lib_a-init.o)
                              /Users/Richard/bin/arm/gcc-arm-none-eabi-7-2017-q4-major/bin/../lib/gcc/arm-none-eabi/7.2.1/../../../../arm-none-eabi/lib/thumb/v7e-m/fpv5/hard/crt0.o (__libc_init_array)
/Users/Richard/bin/arm/gcc-arm-none-eabi-7-2017-q4-major/bin/../lib/gcc/arm-none-eabi/7.2.1/../../../../arm-none-eabi/lib/thumb/v7e-m/fpv5/hard/libc_nano.a(lib_a-memset.o)
                              /Users/Richard/bin/arm/gcc-arm-none-eabi-7-2017-q4-major/bin/../lib/gcc/arm-none-eabi/7.2.1/../../../../arm-none-eabi/lib/thumb/v7e-m/fpv5/hard/crt0.o (memset)
/Users/Richard/bin/arm/gcc-arm-none-eabi-7-2017-q4-major/bin/../lib/gcc/arm-none-eabi/7.2.1/../../../../arm-none-eabi/lib/thumb/v7e-m/fpv5/hard/libnosys.a(_exit.o)
                              /Users/Richard/bin/arm/gcc-arm-none-eabi-7-2017-q4-major/bin/../lib/gcc/arm-none-eabi/7.2.1/../../../../arm-none-eabi/lib/thumb/v7e-m/fpv5/hard/libc_nano.a(lib_a-exit.o) (_exit)
/Users/Richard/bin/arm/gcc-arm-none-eabi-7-2017-q4-major/bin/../lib/gcc/arm-none-eabi/7.2.1/thumb/v7e-m/fpv5/hard/libgcc.a(_aeabi_uldivmod.o)
                              build/stm32f7xx_hal_rcc.o (__aeabi_uldivmod)
/Users/Richard/bin/arm/gcc-arm-none-eabi-7-2017-q4-major/bin/../lib/gcc/arm-none-eabi/7.2.1/thumb/v7e-m/fpv5/hard/libgcc.a(_udivmoddi4.o)
                              /Users/Richard/bin/arm/gcc-arm-none-eabi-7-2017-q4-major/bin/../lib/gcc/arm-none-eabi/7.2.1/thumb/v7e-m/fpv5/hard/libgcc.a(_aeabi_uldivmod.o) (__udivmoddi4)
/Users/Richard/bin/arm/gcc-arm-none-eabi-7-2017-q4-major/bin/../lib/gcc/arm-none-eabi/7.2.1/thumb/v7e-m/fpv5/hard/libgcc.a(_dvmd_tls.o)
                              /Users/Richard/bin/arm/gcc-arm-none-eabi-7-2017-q4-major/bin/../lib/gcc/arm-none-eabi/7.2.1/thumb/v7e-m/fpv5/hard/libgcc.a(_aeabi_uldivmod.o) (__aeabi_ldiv0)

Allocating common symbols
Common symbol       size              file

hi2c2               0x4c              build/main.o
uwTick              0x4               build/stm32f7xx_hal.o
pFlash              0x1c              build/stm32f7xx_hal_flash.o
hcan3               0x28              build/main.o
hadc1               0x48              build/main.o
huart4              0x70              build/main.o
htim2               0x40              build/main.o

Discarded input sections

 .text          0x0000000000000000        0x0 /Users/Richard/bin/arm/gcc-arm-none-eabi-7-2017-q4-major/bin/../lib/gcc/arm-none-eabi/7.2.1/thumb/v7e-m/fpv5/hard/crti.o
 .data          0x0000000000000000        0x0 /Users/Richard/bin/arm/gcc-arm-none-eabi-7-2017-q4-major/bin/../lib/gcc/arm-none-eabi/7.2.1/thumb/v7e-m/fpv5/hard/crti.o
 .bss           0x0000000000000000        0x0 /Users/Richard/bin/arm/gcc-arm-none-eabi-7-2017-q4-major/bin/../lib/gcc/arm-none-eabi/7.2.1/thumb/v7e-m/fpv5/hard/crti.o
 .data          0x0000000000000000        0x4 /Users/Richard/bin/arm/gcc-arm-none-eabi-7-2017-q4-major/bin/../lib/gcc/arm-none-eabi/7.2.1/thumb/v7e-m/fpv5/hard/crtbegin.o
 .text          0x0000000000000000       0x74 /Users/Richard/bin/arm/gcc-arm-none-eabi-7-2017-q4-major/bin/../lib/gcc/arm-none-eabi/7.2.1/../../../../arm-none-eabi/lib/thumb/v7e-m/fpv5/hard/crt0.o
 .data          0x0000000000000000        0x0 /Users/Richard/bin/arm/gcc-arm-none-eabi-7-2017-q4-major/bin/../lib/gcc/arm-none-eabi/7.2.1/../../../../arm-none-eabi/lib/thumb/v7e-m/fpv5/hard/crt0.o
 .bss           0x0000000000000000        0x0 /Users/Richard/bin/arm/gcc-arm-none-eabi-7-2017-q4-major/bin/../lib/gcc/arm-none-eabi/7.2.1/../../../../arm-none-eabi/lib/thumb/v7e-m/fpv5/hard/crt0.o
 .ARM.extab     0x0000000000000000        0x0 /Users/Richard/bin/arm/gcc-arm-none-eabi-7-2017-q4-major/bin/../lib/gcc/arm-none-eabi/7.2.1/../../../../arm-none-eabi/lib/thumb/v7e-m/fpv5/hard/crt0.o
 .ARM.exidx     0x0000000000000000        0x8 /Users/Richard/bin/arm/gcc-arm-none-eabi-7-2017-q4-major/bin/../lib/gcc/arm-none-eabi/7.2.1/../../../../arm-none-eabi/lib/thumb/v7e-m/fpv5/hard/crt0.o
 .ARM.attributes
[...]
Memory Configuration

Name             Origin             Length             Attributes
RAM              0x0000000020000000 0x0000000000080000 xrw
FLASH            0x0000000008000000 0x0000000000200000 xr
*default*        0x0000000000000000 0xffffffffffffffff

Linker script and memory map

LOAD /Users/Richard/bin/arm/gcc-arm-none-eabi-7-2017-q4-major/bin/../lib/gcc/arm-none-eabi/7.2.1/thumb/v7e-m/fpv5/hard/crti.o
LOAD /Users/Richard/bin/arm/gcc-arm-none-eabi-7-2017-q4-major/bin/../lib/gcc/arm-none-eabi/7.2.1/thumb/v7e-m/fpv5/hard/crtbegin.o
LOAD /Users/Richard/bin/arm/gcc-arm-none-eabi-7-2017-q4-major/bin/../lib/gcc/arm-none-eabi/7.2.1/../../../../arm-none-eabi/lib/thumb/v7e-m/fpv5/hard/crt0.o
LOAD build/stm32f7xx_hal_pwr.o
LOAD build/stm32f7xx_it.o
LOAD build/stm32f7xx_hal_gpio.o
LOAD build/stm32f7xx_hal_dma.o
LOAD build/main.o
LOAD build/stm32f7xx_hal_tim.o
LOAD build/stm32f7xx_hal_uart.o
LOAD build/stm32f7xx_hal_i2c_ex.o
LOAD build/stm32f7xx_hal_rcc.o
LOAD build/system_stm32f7xx.o
LOAD build/stm32f7xx_hal_msp.o
LOAD build/stm32f7xx_hal_adc.o
LOAD build/stm32f7xx_hal_dma_ex.o
LOAD build/stm32f7xx_hal_tim_ex.o
LOAD build/stm32f7xx_hal_flash.o
LOAD build/stm32f7xx_hal_msp.o
LOAD build/stm32f7xx_hal.o
LOAD build/stm32f7xx_hal_rcc_ex.o
LOAD build/stm32f7xx_hal_adc_ex.o
LOAD build/stm32f7xx_hal_i2c.o
LOAD build/stm32f7xx_hal_can.o
LOAD build/stm32f7xx_it.o
LOAD build/stm32f7xx_hal_cortex.o
LOAD build/stm32f7xx_hal_pwr_ex.o
LOAD build/main.o
LOAD build/stm32f7xx_hal_flash_ex.o
LOAD build/startup_stm32f767xx.o
LOAD /Users/Richard/bin/arm/gcc-arm-none-eabi-7-2017-q4-major/bin/../lib/gcc/arm-none-eabi/7.2.1/../../../../arm-none-eabi/lib/thumb/v7e-m/fpv5/hard/libc_nano.a
LOAD /Users/Richard/bin/arm/gcc-arm-none-eabi-7-2017-q4-major/bin/../lib/gcc/arm-none-eabi/7.2.1/../../../../arm-none-eabi/lib/thumb/v7e-m/fpv5/hard/libm.a
LOAD /Users/Richard/bin/arm/gcc-arm-none-eabi-7-2017-q4-major/bin/../lib/gcc/arm-none-eabi/7.2.1/../../../../arm-none-eabi/lib/thumb/v7e-m/fpv5/hard/libnosys.a
START GROUP
LOAD /Users/Richard/bin/arm/gcc-arm-none-eabi-7-2017-q4-major/bin/../lib/gcc/arm-none-eabi/7.2.1/thumb/v7e-m/fpv5/hard/libgcc.a
LOAD /Users/Richard/bin/arm/gcc-arm-none-eabi-7-2017-q4-major/bin/../lib/gcc/arm-none-eabi/7.2.1/../../../../arm-none-eabi/lib/thumb/v7e-m/fpv5/hard/libc_nano.a
END GROUP
START GROUP
LOAD /Users/Richard/bin/arm/gcc-arm-none-eabi-7-2017-q4-major/bin/../lib/gcc/arm-none-eabi/7.2.1/thumb/v7e-m/fpv5/hard/libgcc.a
LOAD /Users/Richard/bin/arm/gcc-arm-none-eabi-7-2017-q4-major/bin/../lib/gcc/arm-none-eabi/7.2.1/../../../../arm-none-eabi/lib/thumb/v7e-m/fpv5/hard/libc_nano.a
END GROUP
LOAD /Users/Richard/bin/arm/gcc-arm-none-eabi-7-2017-q4-major/bin/../lib/gcc/arm-none-eabi/7.2.1/thumb/v7e-m/fpv5/hard/crtend.o
LOAD /Users/Richard/bin/arm/gcc-arm-none-eabi-7-2017-q4-major/bin/../lib/gcc/arm-none-eabi/7.2.1/thumb/v7e-m/fpv5/hard/crtn.o
                0x0000000020080000                _estack = 0x20080000
                0x0000000000000200                _Min_Heap_Size = 0x200
                0x0000000000000400                _Min_Stack_Size = 0x400

.isr_vector     0x0000000008000000      0x1f8
                0x0000000008000000                . = ALIGN (0x4)
 *(.isr_vector)
 .isr_vector    0x0000000008000000      0x1f8 build/startup_stm32f767xx.o
                0x0000000008000000                g_pfnVectors
                0x00000000080001f8                . = ALIGN (0x4)

.text           0x00000000080001f8     0x2a48
                0x00000000080001f8                . = ALIGN (0x4)
 *(.text)
 .text          0x00000000080001f8       0x40 /Users/Richard/bin/arm/gcc-arm-none-eabi-7-2017-q4-major/bin/../lib/gcc/arm-none-eabi/7.2.1/thumb/v7e-m/fpv5/hard/crtbegin.o
 .text          0x0000000008000238       0x30 /Users/Richard/bin/arm/gcc-arm-none-eabi-7-2017-q4-major/bin/../lib/gcc/arm-none-eabi/7.2.1/thumb/v7e-m/fpv5/hard/libgcc.a(_aeabi_uldivmod.o)
                0x0000000008000238                __aeabi_uldivmod
 .text          0x0000000008000268      0x2cc /Users/Richard/bin/arm/gcc-arm-none-eabi-7-2017-q4-major/bin/../lib/gcc/arm-none-eabi/7.2.1/thumb/v7e-m/fpv5/hard/libgcc.a(_udivmoddi4.o)
                0x0000000008000268                __udivmoddi4
 .text          0x0000000008000534        0x4 /Users/Richard/bin/arm/gcc-arm-none-eabi-7-2017-q4-major/bin/../lib/gcc/arm-none-eabi/7.2.1/thumb/v7e-m/fpv5/hard/libgcc.a(_dvmd_tls.o)
                0x0000000008000534                __aeabi_ldiv0
                0x0000000008000534                __aeabi_idiv0
 *(.text*)
 .text.NMI_Handler
                0x0000000008000538        0x2 build/stm32f7xx_it.o
                0x0000000008000538                NMI_Handler
 .text.HardFault_Handler
                0x000000000800053a        0x2 build/stm32f7xx_it.o
                0x000000000800053a                HardFault_Handler
 .text.MemManage_Handler
                0x000000000800053c        0x2 build/stm32f7xx_it.o
                0x000000000800053c                MemManage_Handler
 .text.BusFault_Handler
                0x000000000800053e        0x2 build/stm32f7xx_it.o
                0x000000000800053e                BusFault_Handler
 .text.UsageFault_Handler
                0x0000000008000540        0x2 build/stm32f7xx_it.o
                0x0000000008000540                UsageFault_Handler
 .text.SVC_Handler
                0x0000000008000542        0x2 build/stm32f7xx_it.o
                0x0000000008000542                SVC_Handler
 .text.DebugMon_Handler
                0x0000000008000544        0x2 build/stm32f7xx_it.o
                0x0000000008000544                DebugMon_Handler
 .text.PendSV_Handler
                0x0000000008000546        0x2 build/stm32f7xx_it.o
                0x0000000008000546                PendSV_Handler
 .text.SysTick_Handler
                0x0000000008000548        0xc build/stm32f7xx_it.o
                0x0000000008000548                SysTick_Handler
 .text.HAL_GPIO_Init
                0x0000000008000554      0x1e0 build/stm32f7xx_hal_gpio.o
                0x0000000008000554                HAL_GPIO_Init
 .text.HAL_GPIO_WritePin
                0x0000000008000734        0xc build/stm32f7xx_hal_gpio.o
                0x0000000008000734                HAL_GPIO_WritePin
 .text.MX_GPIO_Init
                0x0000000008000740      0x154 build/main.o
 .text._Error_Handler
                0x0000000008000894        0x2 build/main.o
                0x0000000008000894                _Error_Handler
 *fill*         0x0000000008000896        0x2 
 .text.MX_ADC1_Init
                0x0000000008000898       0x68 build/main.o
 .text.MX_CAN3_Init
                0x0000000008000900       0x40 build/main.o
 .text.MX_I2C2_Init
                0x0000000008000940       0x68 build/main.o
 .text.MX_TIM2_Init
                0x00000000080009a8       0x78 build/main.o
 .text.MX_UART4_Init
                0x0000000008000a20       0x44 build/main.o
 .text.SystemClock_Config
                0x0000000008000a64       0xc4 build/main.o
                0x0000000008000a64                SystemClock_Config
 .text.main     0x0000000008000b28       0x24 build/main.o
                0x0000000008000b28                main
 .text.TIM_Base_SetConfig
                0x0000000008000b4c      0x10c build/stm32f7xx_hal_tim.o
                0x0000000008000b4c                TIM_Base_SetConfig
 .text.HAL_TIM_PWM_Init
                0x0000000008000c58       0x32 build/stm32f7xx_hal_tim.o
                0x0000000008000c58                HAL_TIM_PWM_Init
 *fill*         0x0000000008000c8a        0x2 
 .text.TIM_OC1_SetConfig
                0x0000000008000c8c       0x60 build/stm32f7xx_hal_tim.o
                0x0000000008000c8c                TIM_OC1_SetConfig
 .text.TIM_OC2_SetConfig
                0x0000000008000cec       0x68 build/stm32f7xx_hal_tim.o
                0x0000000008000cec                TIM_OC2_SetConfig
 .text.TIM_OC3_SetConfig
                0x0000000008000d54       0x68 build/stm32f7xx_hal_tim.o
                0x0000000008000d54                TIM_OC3_SetConfig
 .text.TIM_OC4_SetConfig
                0x0000000008000dbc       0x54 build/stm32f7xx_hal_tim.o
                0x0000000008000dbc                TIM_OC4_SetConfig
 .text.UART_WaitOnFlagUntilTimeout
                0x0000000008000e10       0x62 build/stm32f7xx_hal_uart.o
                0x0000000008000e10                UART_WaitOnFlagUntilTimeout
 *fill*         0x0000000008000e72        0x2 
 .text.UART_SetConfig
                0x0000000008000e74      0x35c build/stm32f7xx_hal_uart.o
                0x0000000008000e74                UART_SetConfig
 .text.UART_AdvFeatureConfig
                0x00000000080011d0       0xca build/stm32f7xx_hal_uart.o
                0x00000000080011d0                UART_AdvFeatureConfig
 .text.UART_CheckIdleState
                0x000000000800129a       0x48 build/stm32f7xx_hal_uart.o
                0x000000000800129a                UART_CheckIdleState
 .text.HAL_UART_Init
                0x00000000080012e2       0x66 build/stm32f7xx_hal_uart.o
                0x00000000080012e2                HAL_UART_Init
 .text.HAL_I2CEx_ConfigAnalogFilter
                0x0000000008001348       0x5c build/stm32f7xx_hal_i2c_ex.o
                0x0000000008001348                HAL_I2CEx_ConfigAnalogFilter
 .text.HAL_I2CEx_ConfigDigitalFilter
                0x00000000080013a4       0x58 build/stm32f7xx_hal_i2c_ex.o
                0x00000000080013a4                HAL_I2CEx_ConfigDigitalFilter
 .text.HAL_RCC_OscConfig
                0x00000000080013fc      0x3d4 build/stm32f7xx_hal_rcc.o
                0x00000000080013fc                HAL_RCC_OscConfig
 .text.HAL_RCC_GetSysClockFreq
                0x00000000080017d0       0xa8 build/stm32f7xx_hal_rcc.o
                0x00000000080017d0                HAL_RCC_GetSysClockFreq
 .text.HAL_RCC_ClockConfig
                0x0000000008001878      0x164 build/stm32f7xx_hal_rcc.o
                0x0000000008001878                HAL_RCC_ClockConfig
 .text.HAL_RCC_GetHCLKFreq
                0x00000000080019dc        0xc build/stm32f7xx_hal_rcc.o
                0x00000000080019dc                HAL_RCC_GetHCLKFreq
 .text.HAL_RCC_GetPCLK1Freq
                0x00000000080019e8       0x20 build/stm32f7xx_hal_rcc.o
                0x00000000080019e8                HAL_RCC_GetPCLK1Freq
 .text.HAL_RCC_GetPCLK2Freq
                0x0000000008001a08       0x20 build/stm32f7xx_hal_rcc.o
                0x0000000008001a08                HAL_RCC_GetPCLK2Freq
 .text.SystemInit
                0x0000000008001a28       0x50 build/system_stm32f7xx.o
                0x0000000008001a28                SystemInit
 .text.HAL_MspInit
                0x0000000008001a78       0x5e build/stm32f7xx_hal_msp.o
                0x0000000008001a78                HAL_MspInit
 *fill*         0x0000000008001ad6        0x2 
 .text.HAL_ADC_MspInit
                0x0000000008001ad8       0x6c build/stm32f7xx_hal_msp.o
                0x0000000008001ad8                HAL_ADC_MspInit
 .text.HAL_CAN_MspInit
                0x0000000008001b44       0x74 build/stm32f7xx_hal_msp.o
                0x0000000008001b44                HAL_CAN_MspInit
 .text.HAL_I2C_MspInit
                0x0000000008001bb8       0x54 build/stm32f7xx_hal_msp.o
                0x0000000008001bb8                HAL_I2C_MspInit
 .text.HAL_TIM_PWM_MspInit
                0x0000000008001c0c       0x26 build/stm32f7xx_hal_msp.o
                0x0000000008001c0c                HAL_TIM_PWM_MspInit
 *fill*         0x0000000008001c32        0x2 
 .text.HAL_TIM_MspPostInit
                0x0000000008001c34       0x34 build/stm32f7xx_hal_msp.o
                0x0000000008001c34                HAL_TIM_MspPostInit
 .text.HAL_UART_MspInit
                0x0000000008001c68       0x4c build/stm32f7xx_hal_msp.o
                0x0000000008001c68                HAL_UART_MspInit
 .text.ADC_Init
                0x0000000008001cb4      0x130 build/stm32f7xx_hal_adc.o
 .text.HAL_ADC_Init
                0x0000000008001de4       0x54 build/stm32f7xx_hal_adc.o
                0x0000000008001de4                HAL_ADC_Init
 .text.HAL_ADC_ConfigChannel
                0x0000000008001e38      0x1ac build/stm32f7xx_hal_adc.o
                0x0000000008001e38                HAL_ADC_ConfigChannel
 .text.TIM_OC5_SetConfig
                0x0000000008001fe4       0x54 build/stm32f7xx_hal_tim_ex.o
 .text.TIM_OC6_SetConfig
                0x0000000008002038       0x54 build/stm32f7xx_hal_tim_ex.o
 .text.HAL_TIMEx_MasterConfigSynchronization
                0x000000000800208c       0x58 build/stm32f7xx_hal_tim_ex.o
                0x000000000800208c                HAL_TIMEx_MasterConfigSynchronization
 .text.HAL_TIM_PWM_ConfigChannel
                0x00000000080020e4      0x134 build/stm32f7xx_hal_tim_ex.o
                0x00000000080020e4                HAL_TIM_PWM_ConfigChannel
 .text.HAL_InitTick
                0x0000000008002218       0x4c build/stm32f7xx_hal.o
                0x0000000008002218                HAL_InitTick
 .text.HAL_Init
                0x0000000008002264       0x16 build/stm32f7xx_hal.o
                0x0000000008002264                HAL_Init
 *fill*         0x000000000800227a        0x2 
 .text.HAL_IncTick
                0x000000000800227c       0x18 build/stm32f7xx_hal.o
                0x000000000800227c                HAL_IncTick
 .text.HAL_GetTick
                0x0000000008002294        0xc build/stm32f7xx_hal.o
                0x0000000008002294                HAL_GetTick
 .text.HAL_RCCEx_PeriphCLKConfig
                0x00000000080022a0      0x604 build/stm32f7xx_hal_rcc_ex.o
                0x00000000080022a0                HAL_RCCEx_PeriphCLKConfig
 .text.HAL_I2C_Init
                0x00000000080028a4       0xbc build/stm32f7xx_hal_i2c.o
                0x00000000080028a4                HAL_I2C_Init
 .text.HAL_CAN_Init
                0x0000000008002960      0x14c build/stm32f7xx_hal_can.o
                0x0000000008002960                HAL_CAN_Init
 .text.HAL_NVIC_SetPriorityGrouping
                0x0000000008002aac       0x24 build/stm32f7xx_hal_cortex.o
                0x0000000008002aac                HAL_NVIC_SetPriorityGrouping
 .text.HAL_NVIC_SetPriority
                0x0000000008002ad0       0x64 build/stm32f7xx_hal_cortex.o
                0x0000000008002ad0                HAL_NVIC_SetPriority
 .text.HAL_SYSTICK_Config
                0x0000000008002b34       0x2c build/stm32f7xx_hal_cortex.o
                0x0000000008002b34                HAL_SYSTICK_Config
 .text.HAL_SYSTICK_CLKSourceConfig
                0x0000000008002b60       0x20 build/stm32f7xx_hal_cortex.o
                0x0000000008002b60                HAL_SYSTICK_CLKSourceConfig
 .text.HAL_SYSTICK_Callback
                0x0000000008002b80        0x2 build/stm32f7xx_hal_cortex.o
                0x0000000008002b80                HAL_SYSTICK_Callback
 .text.HAL_SYSTICK_IRQHandler
                0x0000000008002b82        0x8 build/stm32f7xx_hal_cortex.o
                0x0000000008002b82                HAL_SYSTICK_IRQHandler
 *fill*         0x0000000008002b8a        0x2 
 .text.Reset_Handler
                0x0000000008002b8c       0x50 build/startup_stm32f767xx.o
                0x0000000008002b8c                Reset_Handler
 .text.Default_Handler
                0x0000000008002bdc        0x2 build/startup_stm32f767xx.o
                0x0000000008002bdc                DMA1_Stream3_IRQHandler
                0x0000000008002bdc                EXTI2_IRQHandler
                0x0000000008002bdc                TIM8_CC_IRQHandler
                0x0000000008002bdc                UART8_IRQHandler
                0x0000000008002bdc                SPI4_IRQHandler
                0x0000000008002bdc                TIM1_CC_IRQHandler
                0x0000000008002bdc                DMA2_Stream5_IRQHandler
                0x0000000008002bdc                JPEG_IRQHandler
                0x0000000008002bdc                DMA1_Stream5_IRQHandler
                0x0000000008002bdc                CAN3_RX1_IRQHandler
                0x0000000008002bdc                PVD_IRQHandler
                0x0000000008002bdc                TAMP_STAMP_IRQHandler
                0x0000000008002bdc                CAN2_RX1_IRQHandler
                0x0000000008002bdc                EXTI3_IRQHandler
                0x0000000008002bdc                TIM8_TRG_COM_TIM14_IRQHandler
                0x0000000008002bdc                DFSDM1_FLT1_IRQHandler
                0x0000000008002bdc                TIM1_UP_TIM10_IRQHandler
                0x0000000008002bdc                TIM8_UP_TIM13_IRQHandler
                0x0000000008002bdc                I2C3_ER_IRQHandler
                0x0000000008002bdc                DFSDM1_FLT2_IRQHandler
                0x0000000008002bdc                EXTI0_IRQHandler
                0x0000000008002bdc                I2C2_EV_IRQHandler
                0x0000000008002bdc                DMA1_Stream2_IRQHandler
                0x0000000008002bdc                CAN1_RX0_IRQHandler
                0x0000000008002bdc                FPU_IRQHandler
                0x0000000008002bdc                OTG_HS_WKUP_IRQHandler
                0x0000000008002bdc                CAN3_SCE_IRQHandler
                0x0000000008002bdc                LTDC_ER_IRQHandler
                0x0000000008002bdc                CAN2_SCE_IRQHandler
                0x0000000008002bdc                DMA2_Stream2_IRQHandler
                0x0000000008002bdc                SPI1_IRQHandler
                0x0000000008002bdc                TIM6_DAC_IRQHandler
                0x0000000008002bdc                TIM1_BRK_TIM9_IRQHandler
                0x0000000008002bdc                DCMI_IRQHandler
                0x0000000008002bdc                CAN2_RX0_IRQHandler
                0x0000000008002bdc                DMA2_Stream3_IRQHandler
                0x0000000008002bdc                SAI2_IRQHandler
                0x0000000008002bdc                DFSDM1_FLT3_IRQHandler
                0x0000000008002bdc                USART6_IRQHandler
                0x0000000008002bdc                CAN3_RX0_IRQHandler
                0x0000000008002bdc                USART3_IRQHandler
                0x0000000008002bdc                CAN1_RX1_IRQHandler
                0x0000000008002bdc                UART5_IRQHandler
                0x0000000008002bdc                DMA2_Stream0_IRQHandler
                0x0000000008002bdc                TIM4_IRQHandler
                0x0000000008002bdc                QUADSPI_IRQHandler
                0x0000000008002bdc                I2C1_EV_IRQHandler
                0x0000000008002bdc                DMA1_Stream6_IRQHandler
                0x0000000008002bdc                DMA1_Stream1_IRQHandler
                0x0000000008002bdc                UART4_IRQHandler
                0x0000000008002bdc                TIM3_IRQHandler
                0x0000000008002bdc                RCC_IRQHandler
                0x0000000008002bdc                TIM8_BRK_TIM12_IRQHandler
                0x0000000008002bdc                Default_Handler
                0x0000000008002bdc                CEC_IRQHandler
                0x0000000008002bdc                EXTI15_10_IRQHandler
                0x0000000008002bdc                ADC_IRQHandler
                0x0000000008002bdc                DMA1_Stream7_IRQHandler
                0x0000000008002bdc                SPI5_IRQHandler
                0x0000000008002bdc                TIM7_IRQHandler
                0x0000000008002bdc                SDMMC1_IRQHandler
                0x0000000008002bdc                CAN2_TX_IRQHandler
                0x0000000008002bdc                TIM5_IRQHandler
                0x0000000008002bdc                DMA2_Stream7_IRQHandler
                0x0000000008002bdc                I2C3_EV_IRQHandler
                0x0000000008002bdc                EXTI9_5_IRQHandler
                0x0000000008002bdc                RTC_WKUP_IRQHandler
                0x0000000008002bdc                LTDC_IRQHandler
                0x0000000008002bdc                ETH_WKUP_IRQHandler
                0x0000000008002bdc                SPDIF_RX_IRQHandler
                0x0000000008002bdc                SPI2_IRQHandler
                0x0000000008002bdc                OTG_HS_EP1_IN_IRQHandler
                0x0000000008002bdc                DMA1_Stream0_IRQHandler
                0x0000000008002bdc                CAN1_TX_IRQHandler
                0x0000000008002bdc                EXTI4_IRQHandler
                0x0000000008002bdc                RNG_IRQHandler
                0x0000000008002bdc                ETH_IRQHandler
                0x0000000008002bdc                OTG_HS_EP1_OUT_IRQHandler
                0x0000000008002bdc                WWDG_IRQHandler
                0x0000000008002bdc                SPI6_IRQHandler
                0x0000000008002bdc                MDIOS_IRQHandler
                0x0000000008002bdc                I2C4_EV_IRQHandler
                0x0000000008002bdc                CAN3_TX_IRQHandler
                0x0000000008002bdc                TIM2_IRQHandler
                0x0000000008002bdc                OTG_FS_WKUP_IRQHandler
                0x0000000008002bdc                TIM1_TRG_COM_TIM11_IRQHandler
                0x0000000008002bdc                OTG_HS_IRQHandler
                0x0000000008002bdc                DMA2D_IRQHandler
                0x0000000008002bdc                EXTI1_IRQHandler
                0x0000000008002bdc                SDMMC2_IRQHandler
                0x0000000008002bdc                UART7_IRQHandler
                0x0000000008002bdc                USART2_IRQHandler
                0x0000000008002bdc                DFSDM1_FLT0_IRQHandler
                0x0000000008002bdc                I2C2_ER_IRQHandler
                0x0000000008002bdc                DMA2_Stream1_IRQHandler
                0x0000000008002bdc                CAN1_SCE_IRQHandler
                0x0000000008002bdc                FLASH_IRQHandler
                0x0000000008002bdc                DMA2_Stream4_IRQHandler
                0x0000000008002bdc                USART1_IRQHandler
                0x0000000008002bdc                OTG_FS_IRQHandler
                0x0000000008002bdc                SPI3_IRQHandler
                0x0000000008002bdc                DMA1_Stream4_IRQHandler
                0x0000000008002bdc                I2C1_ER_IRQHandler
                0x0000000008002bdc                FMC_IRQHandler
                0x0000000008002bdc                LPTIM1_IRQHandler
                0x0000000008002bdc                I2C4_ER_IRQHandler
                0x0000000008002bdc                DMA2_Stream6_IRQHandler
                0x0000000008002bdc                SAI1_IRQHandler
                0x0000000008002bdc                RTC_Alarm_IRQHandler
 *fill*         0x0000000008002bde        0x2 
 .text.__libc_init_array
                0x0000000008002be0       0x48 /Users/Richard/bin/arm/gcc-arm-none-eabi-7-2017-q4-major/bin/../lib/gcc/arm-none-eabi/7.2.1/../../../../arm-none-eabi/lib/thumb/v7e-m/fpv5/hard/libc_nano.a(lib_a-init.o)
                0x0000000008002be0                __libc_init_array
 *(.glue_7)
 .glue_7        0x0000000008002c28        0x0 linker stubs
 *(.glue_7t)
 .glue_7t       0x0000000008002c28        0x0 linker stubs
 *(.eh_frame)
 .eh_frame      0x0000000008002c28        0x0 /Users/Richard/bin/arm/gcc-arm-none-eabi-7-2017-q4-major/bin/../lib/gcc/arm-none-eabi/7.2.1/thumb/v7e-m/fpv5/hard/crtbegin.o
 *(.init)
 .init          0x0000000008002c28        0x4 /Users/Richard/bin/arm/gcc-arm-none-eabi-7-2017-q4-major/bin/../lib/gcc/arm-none-eabi/7.2.1/thumb/v7e-m/fpv5/hard/crti.o
                0x0000000008002c28                _init
 .init          0x0000000008002c2c        0x8 /Users/Richard/bin/arm/gcc-arm-none-eabi-7-2017-q4-major/bin/../lib/gcc/arm-none-eabi/7.2.1/thumb/v7e-m/fpv5/hard/crtn.o
 *(.fini)
 .fini          0x0000000008002c34        0x4 /Users/Richard/bin/arm/gcc-arm-none-eabi-7-2017-q4-major/bin/../lib/gcc/arm-none-eabi/7.2.1/thumb/v7e-m/fpv5/hard/crti.o
                0x0000000008002c34                _fini
 .fini          0x0000000008002c38        0x8 /Users/Richard/bin/arm/gcc-arm-none-eabi-7-2017-q4-major/bin/../lib/gcc/arm-none-eabi/7.2.1/thumb/v7e-m/fpv5/hard/crtn.o
                0x0000000008002c40                . = ALIGN (0x4)
                0x0000000008002c40                _etext = .

.vfp11_veneer   0x0000000008002c40        0x0
 .vfp11_veneer  0x0000000008002c40        0x0 linker stubs

.v4_bx          0x0000000008002c40        0x0
 .v4_bx         0x0000000008002c40        0x0 linker stubs

.iplt           0x0000000008002c40        0x0
 .iplt          0x0000000008002c40        0x0 /Users/Richard/bin/arm/gcc-arm-none-eabi-7-2017-q4-major/bin/../lib/gcc/arm-none-eabi/7.2.1/thumb/v7e-m/fpv5/hard/crtbegin.o

.rodata         0x0000000008002c40       0x24
                0x0000000008002c40                . = ALIGN (0x4)
 *(.rodata)
 *(.rodata*)
 .rodata.MX_ADC1_Init.str1.4
                0x0000000008002c40        0xc build/main.o
                                          0xb (size before relaxing)
 .rodata.AHBPrescTable
                0x0000000008002c4c       0x10 build/system_stm32f7xx.o
                0x0000000008002c4c                AHBPrescTable
 .rodata.APBPrescTable
                0x0000000008002c5c        0x8 build/system_stm32f7xx.o
                0x0000000008002c5c                APBPrescTable
                0x0000000008002c64                . = ALIGN (0x4)

.ARM.extab
 *(.ARM.extab* .gnu.linkonce.armextab.*)

.ARM            0x0000000008002c64        0x8
                0x0000000008002c64                __exidx_start = .
 *(.ARM.exidx*)
 .ARM.exidx     0x0000000008002c64        0x8 /Users/Richard/bin/arm/gcc-arm-none-eabi-7-2017-q4-major/bin/../lib/gcc/arm-none-eabi/7.2.1/thumb/v7e-m/fpv5/hard/libgcc.a(_udivmoddi4.o)
                0x0000000008002c6c                __exidx_end = .

.rel.dyn        0x0000000008002c6c        0x0
 .rel.iplt      0x0000000008002c6c        0x0 /Users/Richard/bin/arm/gcc-arm-none-eabi-7-2017-q4-major/bin/../lib/gcc/arm-none-eabi/7.2.1/thumb/v7e-m/fpv5/hard/crtbegin.o

.preinit_array  0x0000000008002c6c        0x0
                0x0000000008002c6c                PROVIDE (__preinit_array_start, .)
 *(.preinit_array*)
                0x0000000008002c6c                PROVIDE (__preinit_array_end, .)

.init_array     0x0000000008002c6c        0x4
                0x0000000008002c6c                PROVIDE (__init_array_start, .)
 *(SORT_BY_NAME(.init_array.*))
 *(.init_array*)
 .init_array    0x0000000008002c6c        0x4 /Users/Richard/bin/arm/gcc-arm-none-eabi-7-2017-q4-major/bin/../lib/gcc/arm-none-eabi/7.2.1/thumb/v7e-m/fpv5/hard/crtbegin.o
                0x0000000008002c70                PROVIDE (__init_array_end, .)

.fini_array     0x0000000008002c70        0x4
                [!provide]                        PROVIDE (__fini_array_start, .)
 *(SORT_BY_NAME(.fini_array.*))
 *(.fini_array*)
 .fini_array    0x0000000008002c70        0x4 /Users/Richard/bin/arm/gcc-arm-none-eabi-7-2017-q4-major/bin/../lib/gcc/arm-none-eabi/7.2.1/thumb/v7e-m/fpv5/hard/crtbegin.o
                [!provide]                        PROVIDE (__fini_array_end, .)
                0x0000000008002c74                _sidata = LOADADDR (.data)

.data           0x0000000020000000        0xc load address 0x0000000008002c74
                0x0000000020000000                . = ALIGN (0x4)
                0x0000000020000000                _sdata = .
 *(.data)
 *(.data*)
 .data.SystemCoreClock
                0x0000000020000000        0x4 build/system_stm32f7xx.o
                0x0000000020000000                SystemCoreClock
 .data.uwTickFreq
                0x0000000020000004        0x1 build/stm32f7xx_hal.o
                0x0000000020000004                uwTickFreq
 *fill*         0x0000000020000005        0x3 
 .data.uwTickPrio
                0x0000000020000008        0x4 build/stm32f7xx_hal.o
                0x0000000020000008                uwTickPrio
                0x000000002000000c                . = ALIGN (0x4)
                0x000000002000000c                _edata = .

.igot.plt       0x000000002000000c        0x0 load address 0x0000000008002c80
 .igot.plt      0x000000002000000c        0x0 /Users/Richard/bin/arm/gcc-arm-none-eabi-7-2017-q4-major/bin/../lib/gcc/arm-none-eabi/7.2.1/thumb/v7e-m/fpv5/hard/crtbegin.o
                0x000000002000000c                . = ALIGN (0x4)

.bss            0x000000002000000c      0x18c load address 0x0000000008002c80
                0x000000002000000c                _sbss = .
                0x000000002000000c                __bss_start__ = _sbss
 *(.bss)
 .bss           0x000000002000000c       0x1c /Users/Richard/bin/arm/gcc-arm-none-eabi-7-2017-q4-major/bin/../lib/gcc/arm-none-eabi/7.2.1/thumb/v7e-m/fpv5/hard/crtbegin.o
 *(.bss*)
 *(COMMON)
 COMMON         0x0000000020000028      0x16c build/main.o
                0x0000000020000028                hi2c2
                0x0000000020000074                hcan3
                0x000000002000009c                hadc1
                0x00000000200000e4                huart4
                0x0000000020000154                htim2
 COMMON         0x0000000020000194        0x4 build/stm32f7xx_hal.o
                0x0000000020000194                uwTick
                0x0000000020000198                . = ALIGN (0x4)
                0x0000000020000198                _ebss = .
                0x0000000020000198                __bss_end__ = _ebss

._user_heap_stack
                0x0000000020000198      0x600 load address 0x0000000008002c80
                0x0000000020000198                . = ALIGN (0x8)
                [!provide]                        PROVIDE (end, .)
                [!provide]                        PROVIDE (_end, .)
                0x0000000020000398                . = (. + _Min_Heap_Size)
 *fill*         0x0000000020000198      0x200 
                0x0000000020000798                . = (. + _Min_Stack_Size)
 *fill*         0x0000000020000398      0x400 
                0x0000000020000798                . = ALIGN (0x8)

/DISCARD/
 libc.a(*)
 libm.a(*)
 libgcc.a(*)

.ARM.attributes
                0x0000000000000000       0x2e
 *(.ARM.attributes)
 .ARM.attributes
                0x0000000000000000       0x20 /Users/Richard/bin/arm/gcc-arm-none-eabi-7-2017-q4-major/bin/../lib/gcc/arm-none-eabi/7.2.1/thumb/v7e-m/fpv5/hard/crti.o
 .ARM.attributes
                0x0000000000000020       0x32 /Users/Richard/bin/arm/gcc-arm-none-eabi-7-2017-q4-major/bin/../lib/gcc/arm-none-eabi/7.2.1/thumb/v7e-m/fpv5/hard/crtbegin.o
 .ARM.attributes
                0x0000000000000052       0x37 build/stm32f7xx_it.o
 .ARM.attributes
                0x0000000000000089       0x37 build/stm32f7xx_hal_gpio.o
 .ARM.attributes
                0x00000000000000c0       0x37 build/main.o
 .ARM.attributes
                0x00000000000000f7       0x37 build/stm32f7xx_hal_tim.o
 .ARM.attributes
                0x000000000000012e       0x37 build/stm32f7xx_hal_uart.o
 .ARM.attributes
                0x0000000000000165       0x37 build/stm32f7xx_hal_i2c_ex.o
 .ARM.attributes
                0x000000000000019c       0x37 build/stm32f7xx_hal_rcc.o
 .ARM.attributes
                0x00000000000001d3       0x37 build/system_stm32f7xx.o
 .ARM.attributes
                0x000000000000020a       0x37 build/stm32f7xx_hal_msp.o
 .ARM.attributes
                0x0000000000000241       0x37 build/stm32f7xx_hal_adc.o
 .ARM.attributes
                0x0000000000000278       0x37 build/stm32f7xx_hal_tim_ex.o
 .ARM.attributes
                0x00000000000002af       0x37 build/stm32f7xx_hal.o
 .ARM.attributes
                0x00000000000002e6       0x37 build/stm32f7xx_hal_rcc_ex.o
 .ARM.attributes
                0x000000000000031d       0x37 build/stm32f7xx_hal_i2c.o
 .ARM.attributes
                0x0000000000000354       0x37 build/stm32f7xx_hal_can.o
 .ARM.attributes
                0x000000000000038b       0x37 build/stm32f7xx_hal_cortex.o
 .ARM.attributes
                0x00000000000003c2       0x21 build/startup_stm32f767xx.o
 .ARM.attributes
                0x00000000000003e3       0x32 /Users/Richard/bin/arm/gcc-arm-none-eabi-7-2017-q4-major/bin/../lib/gcc/arm-none-eabi/7.2.1/../../../../arm-none-eabi/lib/thumb/v7e-m/fpv5/hard/libc_nano.a(lib_a-init.o)
 .ARM.attributes
                0x0000000000000415       0x20 /Users/Richard/bin/arm/gcc-arm-none-eabi-7-2017-q4-major/bin/../lib/gcc/arm-none-eabi/7.2.1/thumb/v7e-m/fpv5/hard/libgcc.a(_aeabi_uldivmod.o)
 .ARM.attributes
                0x0000000000000435       0x32 /Users/Richard/bin/arm/gcc-arm-none-eabi-7-2017-q4-major/bin/../lib/gcc/arm-none-eabi/7.2.1/thumb/v7e-m/fpv5/hard/libgcc.a(_udivmoddi4.o)
 .ARM.attributes
                0x0000000000000467       0x20 /Users/Richard/bin/arm/gcc-arm-none-eabi-7-2017-q4-major/bin/../lib/gcc/arm-none-eabi/7.2.1/thumb/v7e-m/fpv5/hard/libgcc.a(_dvmd_tls.o)
 .ARM.attributes
                0x0000000000000487       0x20 /Users/Richard/bin/arm/gcc-arm-none-eabi-7-2017-q4-major/bin/../lib/gcc/arm-none-eabi/7.2.1/thumb/v7e-m/fpv5/hard/crtn.o
OUTPUT(build/2018_pdu.elf elf32-littlearm)

.debug_info     0x0000000000000000    0x1dfcc
 .debug_info    0x0000000000000000      0xb14 build/stm32f7xx_it.o
 .debug_info    0x0000000000000b14     0x114e build/stm32f7xx_hal_gpio.o
 .debug_info    0x0000000000001c62     0x2fe9 build/main.o
 .debug_info    0x0000000000004c4b     0x3ae9 build/stm32f7xx_hal_tim.o
 .debug_info    0x0000000000008734     0x230f build/stm32f7xx_hal_uart.o
 .debug_info    0x000000000000aa43     0x13a3 build/stm32f7xx_hal_i2c_ex.o
 .debug_info    0x000000000000bde6     0x1538 build/stm32f7xx_hal_rcc.o
 .debug_info    0x000000000000d31e     0x10b2 build/system_stm32f7xx.o
 .debug_info    0x000000000000e3d0     0x2800 build/stm32f7xx_hal_msp.o
 .debug_info    0x0000000000010bd0     0x179e build/stm32f7xx_hal_adc.o
 .debug_info    0x000000000001236e     0x225e build/stm32f7xx_hal_tim_ex.o
 .debug_info    0x00000000000145cc     0x14c4 build/stm32f7xx_hal.o
 .debug_info    0x0000000000015a90     0x1244 build/stm32f7xx_hal_rcc_ex.o
 .debug_info    0x0000000000016cd4     0x3cc9 build/stm32f7xx_hal_i2c.o
 .debug_info    0x000000000001a99d     0x1a57 build/stm32f7xx_hal_can.o
 .debug_info    0x000000000001c3f4     0x1bb6 build/stm32f7xx_hal_cortex.o
 .debug_info    0x000000000001dfaa       0x22 build/startup_stm32f767xx.o

.debug_abbrev   0x0000000000000000     0x2d7e
 .debug_abbrev  0x0000000000000000      0x1db build/stm32f7xx_it.o
 .debug_abbrev  0x00000000000001db      0x2be build/stm32f7xx_hal_gpio.o
 .debug_abbrev  0x0000000000000499      0x2e6 build/main.o
 .debug_abbrev  0x000000000000077f      0x2e5 build/stm32f7xx_hal_tim.o
 .debug_abbrev  0x0000000000000a64      0x345 build/stm32f7xx_hal_uart.o
 .debug_abbrev  0x0000000000000da9      0x229 build/stm32f7xx_hal_i2c_ex.o
 .debug_abbrev  0x0000000000000fd2      0x352 build/stm32f7xx_hal_rcc.o
 .debug_abbrev  0x0000000000001324      0x1f3 build/system_stm32f7xx.o
 .debug_abbrev  0x0000000000001517      0x2bf build/stm32f7xx_hal_msp.o
 .debug_abbrev  0x00000000000017d6      0x2f1 build/stm32f7xx_hal_adc.o
 .debug_abbrev  0x0000000000001ac7      0x2f8 build/stm32f7xx_hal_tim_ex.o
 .debug_abbrev  0x0000000000001dbf      0x2c7 build/stm32f7xx_hal.o
 .debug_abbrev  0x0000000000002086      0x28f build/stm32f7xx_hal_rcc_ex.o
 .debug_abbrev  0x0000000000002315      0x33b build/stm32f7xx_hal_i2c.o
 .debug_abbrev  0x0000000000002650      0x340 build/stm32f7xx_hal_can.o
 .debug_abbrev  0x0000000000002990      0x3dc build/stm32f7xx_hal_cortex.o
 .debug_abbrev  0x0000000000002d6c       0x12 build/startup_stm32f767xx.o

.debug_loc      0x0000000000000000     0xfc6e
 .debug_loc     0x0000000000000000       0x20 build/stm32f7xx_it.o
 .debug_loc     0x0000000000000020      0x531 build/stm32f7xx_hal_gpio.o
 .debug_loc     0x0000000000000551      0x187 build/main.o
 .debug_loc     0x00000000000006d8     0x4145 build/stm32f7xx_hal_tim.o
 .debug_loc     0x000000000000481d     0x1a1e build/stm32f7xx_hal_uart.o
 .debug_loc     0x000000000000623b      0x1ce build/stm32f7xx_hal_i2c_ex.o
 .debug_loc     0x0000000000006409      0x653 build/stm32f7xx_hal_rcc.o
 .debug_loc     0x0000000000006a5c      0x16a build/system_stm32f7xx.o
 .debug_loc     0x0000000000006bc6      0x371 build/stm32f7xx_hal_msp.o
 .debug_loc     0x0000000000006f37      0xacf build/stm32f7xx_hal_adc.o
 .debug_loc     0x0000000000007a06     0x2157 build/stm32f7xx_hal_tim_ex.o
 .debug_loc     0x0000000000009b5d      0x19d build/stm32f7xx_hal.o
 .debug_loc     0x0000000000009cfa      0x6f8 build/stm32f7xx_hal_rcc_ex.o
 .debug_loc     0x000000000000a3f2     0x4526 build/stm32f7xx_hal_i2c.o
 .debug_loc     0x000000000000e918      0xd06 build/stm32f7xx_hal_can.o
 .debug_loc     0x000000000000f61e      0x650 build/stm32f7xx_hal_cortex.o

.debug_aranges  0x0000000000000000      0xf98
 .debug_aranges
                0x0000000000000000       0x60 build/stm32f7xx_it.o
 .debug_aranges
                0x0000000000000060       0x58 build/stm32f7xx_hal_gpio.o
 .debug_aranges
                0x00000000000000b8       0x60 build/main.o
 .debug_aranges
                0x0000000000000118      0x368 build/stm32f7xx_hal_tim.o
 .debug_aranges
                0x0000000000000480      0x190 build/stm32f7xx_hal_uart.o
 .debug_aranges
                0x0000000000000610       0x38 build/stm32f7xx_hal_i2c_ex.o
 .debug_aranges
                0x0000000000000648       0x88 build/stm32f7xx_hal_rcc.o
 .debug_aranges
                0x00000000000006d0       0x28 build/system_stm32f7xx.o
 .debug_aranges
                0x00000000000006f8       0x78 build/stm32f7xx_hal_msp.o
 .debug_aranges
                0x0000000000000770       0xe8 build/stm32f7xx_hal_adc.o
 .debug_aranges
                0x0000000000000858      0x178 build/stm32f7xx_hal_tim_ex.o
 .debug_aranges
                0x00000000000009d0      0x110 build/stm32f7xx_hal.o
 .debug_aranges
                0x0000000000000ae0       0x50 build/stm32f7xx_hal_rcc_ex.o
 .debug_aranges
                0x0000000000000b30      0x260 build/stm32f7xx_hal_i2c.o
 .debug_aranges
                0x0000000000000d90      0x138 build/stm32f7xx_hal_can.o
 .debug_aranges
                0x0000000000000ec8       0xa8 build/stm32f7xx_hal_cortex.o
 .debug_aranges
                0x0000000000000f70       0x28 build/startup_stm32f767xx.o

.debug_ranges   0x0000000000000000      0xef0
 .debug_ranges  0x0000000000000000       0x50 build/stm32f7xx_it.o
 .debug_ranges  0x0000000000000050       0x48 build/stm32f7xx_hal_gpio.o
 .debug_ranges  0x0000000000000098       0x50 build/main.o
 .debug_ranges  0x00000000000000e8      0x358 build/stm32f7xx_hal_tim.o
 .debug_ranges  0x0000000000000440      0x180 build/stm32f7xx_hal_uart.o
 .debug_ranges  0x00000000000005c0       0x28 build/stm32f7xx_hal_i2c_ex.o
 .debug_ranges  0x00000000000005e8       0x78 build/stm32f7xx_hal_rcc.o
 .debug_ranges  0x0000000000000660       0x18 build/system_stm32f7xx.o
 .debug_ranges  0x0000000000000678       0x68 build/stm32f7xx_hal_msp.o
 .debug_ranges  0x00000000000006e0       0xd8 build/stm32f7xx_hal_adc.o
 .debug_ranges  0x00000000000007b8      0x168 build/stm32f7xx_hal_tim_ex.o
 .debug_ranges  0x0000000000000920      0x100 build/stm32f7xx_hal.o
 .debug_ranges  0x0000000000000a20       0x40 build/stm32f7xx_hal_rcc_ex.o
 .debug_ranges  0x0000000000000a60      0x250 build/stm32f7xx_hal_i2c.o
 .debug_ranges  0x0000000000000cb0      0x128 build/stm32f7xx_hal_can.o
 .debug_ranges  0x0000000000000dd8       0xf8 build/stm32f7xx_hal_cortex.o
 .debug_ranges  0x0000000000000ed0       0x20 build/startup_stm32f767xx.o

.debug_line     0x0000000000000000     0x759e
 .debug_line    0x0000000000000000      0x2d0 build/stm32f7xx_it.o
 .debug_line    0x00000000000002d0      0x409 build/stm32f7xx_hal_gpio.o
 .debug_line    0x00000000000006d9      0x4af build/main.o
 .debug_line    0x0000000000000b88     0x1281 build/stm32f7xx_hal_tim.o
 .debug_line    0x0000000000001e09      0xc76 build/stm32f7xx_hal_uart.o
 .debug_line    0x0000000000002a7f      0x348 build/stm32f7xx_hal_i2c_ex.o
 .debug_line    0x0000000000002dc7      0x593 build/stm32f7xx_hal_rcc.o
 .debug_line    0x000000000000335a      0x244 build/system_stm32f7xx.o
 .debug_line    0x000000000000359e      0x449 build/stm32f7xx_hal_msp.o
 .debug_line    0x00000000000039e7      0x721 build/stm32f7xx_hal_adc.o
 .debug_line    0x0000000000004108      0xa03 build/stm32f7xx_hal_tim_ex.o
 .debug_line    0x0000000000004b0b      0x4ca build/stm32f7xx_hal.o
 .debug_line    0x0000000000004fd5      0x4d7 build/stm32f7xx_hal_rcc_ex.o
 .debug_line    0x00000000000054ac     0x13b4 build/stm32f7xx_hal_i2c.o
 .debug_line    0x0000000000006860      0x817 build/stm32f7xx_hal_can.o
 .debug_line    0x0000000000007077      0x4b3 build/stm32f7xx_hal_cortex.o
 .debug_line    0x000000000000752a       0x74 build/startup_stm32f767xx.o

.debug_str      0x0000000000000000     0x5615
 .debug_str     0x0000000000000000      0x636 build/stm32f7xx_it.o
                                        0x6a7 (size before relaxing)
 .debug_str     0x0000000000000636      0x322 build/stm32f7xx_hal_gpio.o
                                        0x93d (size before relaxing)
 .debug_str     0x0000000000000958     0x1984 build/main.o
                                       0x221c (size before relaxing)
 .debug_str     0x00000000000022dc      0xcc4 build/stm32f7xx_hal_tim.o
                                       0x181b (size before relaxing)
 .debug_str     0x0000000000002fa0      0x5ae build/stm32f7xx_hal_uart.o
                                       0x124f (size before relaxing)
 .debug_str     0x000000000000354e       0x8b build/stm32f7xx_hal_i2c_ex.o
                                        0xd41 (size before relaxing)
 .debug_str     0x00000000000035d9      0x16c build/stm32f7xx_hal_rcc.o
                                        0xb24 (size before relaxing)
 .debug_str     0x0000000000003745      0x15f build/system_stm32f7xx.o
                                        0x86a (size before relaxing)
 .debug_str     0x00000000000038a4       0xba build/stm32f7xx_hal_msp.o
                                       0x1c28 (size before relaxing)
 .debug_str     0x000000000000395e      0x286 build/stm32f7xx_hal_adc.o
                                        0xd65 (size before relaxing)
 .debug_str     0x0000000000003be4      0x5ae build/stm32f7xx_hal_tim_ex.o
                                       0x1361 (size before relaxing)
 .debug_str     0x0000000000004192      0x32e build/stm32f7xx_hal.o
                                       0x1166 (size before relaxing)
 .debug_str     0x00000000000044c0      0x14c build/stm32f7xx_hal_rcc_ex.o
                                        0xb79 (size before relaxing)
 .debug_str     0x000000000000460c      0x768 build/stm32f7xx_hal_i2c.o
                                       0x1336 (size before relaxing)
 .debug_str     0x0000000000004d74      0x548 build/stm32f7xx_hal_can.o
                                        0xe91 (size before relaxing)
 .debug_str     0x00000000000052bc      0x334 build/stm32f7xx_hal_cortex.o
                                       0x1269 (size before relaxing)
 .debug_str     0x00000000000055f0       0x25 build/startup_stm32f767xx.o
                                         0x6e (size before relaxing)

.comment        0x0000000000000000       0x7e
 .comment       0x0000000000000000       0x7e build/stm32f7xx_it.o
                                         0x7f (size before relaxing)
 .comment       0x000000000000007e       0x7f build/stm32f7xx_hal_gpio.o
 .comment       0x000000000000007e       0x7f build/main.o
 .comment       0x000000000000007e       0x7f build/stm32f7xx_hal_tim.o
 .comment       0x000000000000007e       0x7f build/stm32f7xx_hal_uart.o
 .comment       0x000000000000007e       0x7f build/stm32f7xx_hal_i2c_ex.o
 .comment       0x000000000000007e       0x7f build/stm32f7xx_hal_rcc.o
 .comment       0x000000000000007e       0x7f build/system_stm32f7xx.o
 .comment       0x000000000000007e       0x7f build/stm32f7xx_hal_msp.o
 .comment       0x000000000000007e       0x7f build/stm32f7xx_hal_adc.o
 .comment       0x000000000000007e       0x7f build/stm32f7xx_hal_tim_ex.o
 .comment       0x000000000000007e       0x7f build/stm32f7xx_hal.o
 .comment       0x000000000000007e       0x7f build/stm32f7xx_hal_rcc_ex.o
 .comment       0x000000000000007e       0x7f build/stm32f7xx_hal_i2c.o
 .comment       0x000000000000007e       0x7f build/stm32f7xx_hal_can.o
 .comment       0x000000000000007e       0x7f build/stm32f7xx_hal_cortex.o

.debug_frame    0x0000000000000000     0x3014
 .debug_frame   0x0000000000000000       0xac build/stm32f7xx_it.o
 .debug_frame   0x00000000000000ac       0xec build/stm32f7xx_hal_gpio.o
 .debug_frame   0x0000000000000198      0x124 build/main.o
 .debug_frame   0x00000000000002bc      0xb44 build/stm32f7xx_hal_tim.o
 .debug_frame   0x0000000000000e00      0x4d8 build/stm32f7xx_hal_uart.o
 .debug_frame   0x00000000000012d8       0x60 build/stm32f7xx_hal_i2c_ex.o
 .debug_frame   0x0000000000001338      0x1d4 build/stm32f7xx_hal_rcc.o
 .debug_frame   0x000000000000150c       0x3c build/system_stm32f7xx.o
 .debug_frame   0x0000000000001548      0x158 build/stm32f7xx_hal_msp.o
 .debug_frame   0x00000000000016a0      0x2b8 build/stm32f7xx_hal_adc.o
 .debug_frame   0x0000000000001958      0x514 build/stm32f7xx_hal_tim_ex.o
 .debug_frame   0x0000000000001e6c      0x240 build/stm32f7xx_hal.o
 .debug_frame   0x00000000000020ac       0xe8 build/stm32f7xx_hal_rcc_ex.o
 .debug_frame   0x0000000000002194      0x970 build/stm32f7xx_hal_i2c.o
 .debug_frame   0x0000000000002b04      0x318 build/stm32f7xx_hal_can.o
 .debug_frame   0x0000000000002e1c      0x16c build/stm32f7xx_hal_cortex.o
 .debug_frame   0x0000000000002f88       0x2c /Users/Richard/bin/arm/gcc-arm-none-eabi-7-2017-q4-major/bin/../lib/gcc/arm-none-eabi/7.2.1/../../../../arm-none-eabi/lib/thumb/v7e-m/fpv5/hard/libc_nano.a(lib_a-init.o)
 .debug_frame   0x0000000000002fb4       0x2c /Users/Richard/bin/arm/gcc-arm-none-eabi-7-2017-q4-major/bin/../lib/gcc/arm-none-eabi/7.2.1/thumb/v7e-m/fpv5/hard/libgcc.a(_aeabi_uldivmod.o)
 .debug_frame   0x0000000000002fe0       0x34 /Users/Richard/bin/arm/gcc-arm-none-eabi-7-2017-q4-major/bin/../lib/gcc/arm-none-eabi/7.2.1/thumb/v7e-m/fpv5/hard/libgcc.a(_udivmoddi4.o)

Cross Reference Table

Symbol                                            File
ADC_IRQHandler                                    build/startup_stm32f767xx.o
AHBPrescTable                                     build/system_stm32f7xx.o
                                                  build/stm32f7xx_hal_rcc.o
APBPrescTable                                     build/system_stm32f7xx.o
                                                  build/stm32f7xx_hal_rcc.o
BusFault_Handler                                  build/stm32f7xx_it.o
CAN1_RX0_IRQHandler                               build/startup_stm32f767xx.o
CAN1_RX1_IRQHandler                               build/startup_stm32f767xx.o
CAN1_SCE_IRQHandler                               build/startup_stm32f767xx.o
CAN1_TX_IRQHandler                                build/startup_stm32f767xx.o
CAN2_RX0_IRQHandler                               build/startup_stm32f767xx.o
CAN2_RX1_IRQHandler                               build/startup_stm32f767xx.o
CAN2_SCE_IRQHandler                               build/startup_stm32f767xx.o
CAN2_TX_IRQHandler                                build/startup_stm32f767xx.o
CAN3_RX0_IRQHandler                               build/startup_stm32f767xx.o
CAN3_RX1_IRQHandler                               build/startup_stm32f767xx.o
CAN3_SCE_IRQHandler                               build/startup_stm32f767xx.o
CAN3_TX_IRQHandler                                build/startup_stm32f767xx.o
CEC_IRQHandler                                    build/startup_stm32f767xx.o
DCMI_IRQHandler                                   build/startup_stm32f767xx.o
DFSDM1_FLT0_IRQHandler                            build/startup_stm32f767xx.o
DFSDM1_FLT1_IRQHandler                            build/startup_stm32f767xx.o
DFSDM1_FLT2_IRQHandler                            build/startup_stm32f767xx.o
DFSDM1_FLT3_IRQHandler                            build/startup_stm32f767xx.o
DMA1_Stream0_IRQHandler                           build/startup_stm32f767xx.o
DMA1_Stream1_IRQHandler                           build/startup_stm32f767xx.o
DMA1_Stream2_IRQHandler                           build/startup_stm32f767xx.o
DMA1_Stream3_IRQHandler                           build/startup_stm32f767xx.o
DMA1_Stream4_IRQHandler                           build/startup_stm32f767xx.o
DMA1_Stream5_IRQHandler                           build/startup_stm32f767xx.o
DMA1_Stream6_IRQHandler                           build/startup_stm32f767xx.o
DMA1_Stream7_IRQHandler                           build/startup_stm32f767xx.o
DMA2D_IRQHandler                                  build/startup_stm32f767xx.o
DMA2_Stream0_IRQHandler                           build/startup_stm32f767xx.o
DMA2_Stream1_IRQHandler                           build/startup_stm32f767xx.o
DMA2_Stream2_IRQHandler                           build/startup_stm32f767xx.o
DMA2_Stream3_IRQHandler                           build/startup_stm32f767xx.o
DMA2_Stream4_IRQHandler                           build/startup_stm32f767xx.o
DMA2_Stream5_IRQHandler                           build/startup_stm32f767xx.o
DMA2_Stream6_IRQHandler                           build/startup_stm32f767xx.o
DMA2_Stream7_IRQHandler                           build/startup_stm32f767xx.o
DebugMon_Handler                                  build/stm32f7xx_it.o
Default_Handler                                   build/startup_stm32f767xx.o
ETH_IRQHandler                                    build/startup_stm32f767xx.o
ETH_WKUP_IRQHandler                               build/startup_stm32f767xx.o
EXTI0_IRQHandler                                  build/startup_stm32f767xx.o
EXTI15_10_IRQHandler                              build/startup_stm32f767xx.o
EXTI1_IRQHandler                                  build/startup_stm32f767xx.o
EXTI2_IRQHandler                                  build/startup_stm32f767xx.o
EXTI3_IRQHandler                                  build/startup_stm32f767xx.o
EXTI4_IRQHandler                                  build/startup_stm32f767xx.o
EXTI9_5_IRQHandler                                build/startup_stm32f767xx.o
FLASH_Erase_Sector                                build/stm32f7xx_hal_flash_ex.o
                                                  build/stm32f7xx_hal_flash.o
FLASH_IRQHandler                                  build/startup_stm32f767xx.o
FLASH_WaitForLastOperation                        build/stm32f7xx_hal_flash.o
                                                  build/stm32f7xx_hal_flash_ex.o
FMC_IRQHandler                                    build/startup_stm32f767xx.o
FPU_IRQHandler                                    build/startup_stm32f767xx.o
HAL_ADCEx_InjectedConfigChannel                   build/stm32f7xx_hal_adc_ex.o
HAL_ADCEx_InjectedConvCpltCallback                build/stm32f7xx_hal_adc_ex.o
                                                  build/stm32f7xx_hal_adc.o
HAL_ADCEx_InjectedGetValue                        build/stm32f7xx_hal_adc_ex.o
HAL_ADCEx_InjectedPollForConversion               build/stm32f7xx_hal_adc_ex.o
HAL_ADCEx_InjectedStart                           build/stm32f7xx_hal_adc_ex.o
HAL_ADCEx_InjectedStart_IT                        build/stm32f7xx_hal_adc_ex.o
HAL_ADCEx_InjectedStop                            build/stm32f7xx_hal_adc_ex.o
HAL_ADCEx_InjectedStop_IT                         build/stm32f7xx_hal_adc_ex.o
HAL_ADCEx_MultiModeConfigChannel                  build/stm32f7xx_hal_adc_ex.o
HAL_ADCEx_MultiModeGetValue                       build/stm32f7xx_hal_adc_ex.o
HAL_ADCEx_MultiModeStart_DMA                      build/stm32f7xx_hal_adc_ex.o
HAL_ADCEx_MultiModeStop_DMA                       build/stm32f7xx_hal_adc_ex.o
HAL_ADC_AnalogWDGConfig                           build/stm32f7xx_hal_adc.o
HAL_ADC_ConfigChannel                             build/stm32f7xx_hal_adc.o
                                                  build/main.o
                                                  build/main.o
HAL_ADC_ConvCpltCallback                          build/stm32f7xx_hal_adc.o
                                                  build/stm32f7xx_hal_adc_ex.o
HAL_ADC_ConvHalfCpltCallback                      build/stm32f7xx_hal_adc.o
                                                  build/stm32f7xx_hal_adc_ex.o
HAL_ADC_DeInit                                    build/stm32f7xx_hal_adc.o
HAL_ADC_ErrorCallback                             build/stm32f7xx_hal_adc.o
                                                  build/stm32f7xx_hal_adc_ex.o
HAL_ADC_GetError                                  build/stm32f7xx_hal_adc.o
HAL_ADC_GetState                                  build/stm32f7xx_hal_adc.o
HAL_ADC_GetValue                                  build/stm32f7xx_hal_adc.o
HAL_ADC_IRQHandler                                build/stm32f7xx_hal_adc.o
HAL_ADC_Init                                      build/stm32f7xx_hal_adc.o
                                                  build/main.o
                                                  build/main.o
HAL_ADC_LevelOutOfWindowCallback                  build/stm32f7xx_hal_adc.o
HAL_ADC_MspDeInit                                 build/stm32f7xx_hal_msp.o
HAL_ADC_MspInit                                   build/stm32f7xx_hal_msp.o
HAL_ADC_PollForConversion                         build/stm32f7xx_hal_adc.o
HAL_ADC_PollForEvent                              build/stm32f7xx_hal_adc.o
HAL_ADC_Start                                     build/stm32f7xx_hal_adc.o
HAL_ADC_Start_DMA                                 build/stm32f7xx_hal_adc.o
HAL_ADC_Start_IT                                  build/stm32f7xx_hal_adc.o
HAL_ADC_Stop                                      build/stm32f7xx_hal_adc.o
HAL_ADC_Stop_DMA                                  build/stm32f7xx_hal_adc.o
HAL_ADC_Stop_IT                                   build/stm32f7xx_hal_adc.o
HAL_CAN_AbortTxRequest                            build/stm32f7xx_hal_can.o
HAL_CAN_ActivateNotification                      build/stm32f7xx_hal_can.o
HAL_CAN_AddTxMessage                              build/stm32f7xx_hal_can.o
HAL_CAN_ConfigFilter                              build/stm32f7xx_hal_can.o
HAL_CAN_DeInit                                    build/stm32f7xx_hal_can.o
HAL_CAN_DeactivateNotification                    build/stm32f7xx_hal_can.o
HAL_CAN_ErrorCallback                             build/stm32f7xx_hal_can.o
HAL_CAN_GetError                                  build/stm32f7xx_hal_can.o
HAL_CAN_GetRxFifoFillLevel                        build/stm32f7xx_hal_can.o
HAL_CAN_GetRxMessage                              build/stm32f7xx_hal_can.o
HAL_CAN_GetState                                  build/stm32f7xx_hal_can.o
HAL_CAN_GetTxMailboxesFreeLevel                   build/stm32f7xx_hal_can.o
HAL_CAN_GetTxTimestamp                            build/stm32f7xx_hal_can.o
HAL_CAN_IRQHandler                                build/stm32f7xx_hal_can.o
HAL_CAN_Init                                      build/stm32f7xx_hal_can.o
                                                  build/main.o
                                                  build/main.o
HAL_CAN_IsSleepActive                             build/stm32f7xx_hal_can.o
HAL_CAN_IsTxMessagePending                        build/stm32f7xx_hal_can.o
HAL_CAN_MspDeInit                                 build/stm32f7xx_hal_msp.o
HAL_CAN_MspInit                                   build/stm32f7xx_hal_msp.o
HAL_CAN_RequestSleep                              build/stm32f7xx_hal_can.o
HAL_CAN_ResetError                                build/stm32f7xx_hal_can.o
HAL_CAN_RxFifo0FullCallback                       build/stm32f7xx_hal_can.o
HAL_CAN_RxFifo0MsgPendingCallback                 build/stm32f7xx_hal_can.o
HAL_CAN_RxFifo1FullCallback                       build/stm32f7xx_hal_can.o
HAL_CAN_RxFifo1MsgPendingCallback                 build/stm32f7xx_hal_can.o
HAL_CAN_SleepCallback                             build/stm32f7xx_hal_can.o
HAL_CAN_Start                                     build/stm32f7xx_hal_can.o
HAL_CAN_Stop                                      build/stm32f7xx_hal_can.o
HAL_CAN_TxMailbox0AbortCallback                   build/stm32f7xx_hal_can.o
HAL_CAN_TxMailbox0CompleteCallback                build/stm32f7xx_hal_can.o
HAL_CAN_TxMailbox1AbortCallback                   build/stm32f7xx_hal_can.o
HAL_CAN_TxMailbox1CompleteCallback                build/stm32f7xx_hal_can.o
HAL_CAN_TxMailbox2AbortCallback                   build/stm32f7xx_hal_can.o
HAL_CAN_TxMailbox2CompleteCallback                build/stm32f7xx_hal_can.o
HAL_CAN_WakeUp                                    build/stm32f7xx_hal_can.o
HAL_CAN_WakeUpFromRxMsgCallback                   build/stm32f7xx_hal_can.o
HAL_DBGMCU_DisableDBGSleepMode                    build/stm32f7xx_hal.o
HAL_DBGMCU_DisableDBGStandbyMode                  build/stm32f7xx_hal.o
HAL_DBGMCU_DisableDBGStopMode                     build/stm32f7xx_hal.o
HAL_DBGMCU_EnableDBGSleepMode                     build/stm32f7xx_hal.o
HAL_DBGMCU_EnableDBGStandbyMode                   build/stm32f7xx_hal.o
HAL_DBGMCU_EnableDBGStopMode                      build/stm32f7xx_hal.o
HAL_DMAEx_ChangeMemory                            build/stm32f7xx_hal_dma_ex.o
HAL_DMAEx_MultiBufferStart                        build/stm32f7xx_hal_dma_ex.o
HAL_DMAEx_MultiBufferStart_IT                     build/stm32f7xx_hal_dma_ex.o
HAL_DMA_Abort                                     build/stm32f7xx_hal_dma.o
                                                  build/stm32f7xx_hal_adc_ex.o
                                                  build/stm32f7xx_hal_adc.o
                                                  build/stm32f7xx_hal_uart.o
                                                  build/stm32f7xx_hal_tim.o
HAL_DMA_Abort_IT                                  build/stm32f7xx_hal_dma.o
                                                  build/stm32f7xx_hal_i2c.o
                                                  build/stm32f7xx_hal_uart.o
HAL_DMA_DeInit                                    build/stm32f7xx_hal_dma.o
HAL_DMA_GetError                                  build/stm32f7xx_hal_dma.o
HAL_DMA_GetState                                  build/stm32f7xx_hal_dma.o
HAL_DMA_IRQHandler                                build/stm32f7xx_hal_dma.o
HAL_DMA_Init                                      build/stm32f7xx_hal_dma.o
HAL_DMA_PollForTransfer                           build/stm32f7xx_hal_dma.o
HAL_DMA_RegisterCallback                          build/stm32f7xx_hal_dma.o
HAL_DMA_Start                                     build/stm32f7xx_hal_dma.o
HAL_DMA_Start_IT                                  build/stm32f7xx_hal_dma.o
                                                  build/stm32f7xx_hal_i2c.o
                                                  build/stm32f7xx_hal_adc_ex.o
                                                  build/stm32f7xx_hal_tim_ex.o
                                                  build/stm32f7xx_hal_adc.o
                                                  build/stm32f7xx_hal_uart.o
                                                  build/stm32f7xx_hal_tim.o
HAL_DMA_UnRegisterCallback                        build/stm32f7xx_hal_dma.o
HAL_DeInit                                        build/stm32f7xx_hal.o
HAL_Delay                                         build/stm32f7xx_hal.o
HAL_DisableCompensationCell                       build/stm32f7xx_hal.o
HAL_DisableFMCMemorySwapping                      build/stm32f7xx_hal.o
HAL_DisableMemorySwappingBank                     build/stm32f7xx_hal.o
HAL_EnableCompensationCell                        build/stm32f7xx_hal.o
HAL_EnableFMCMemorySwapping                       build/stm32f7xx_hal.o
HAL_EnableMemorySwappingBank                      build/stm32f7xx_hal.o
HAL_FLASHEx_Erase                                 build/stm32f7xx_hal_flash_ex.o
HAL_FLASHEx_Erase_IT                              build/stm32f7xx_hal_flash_ex.o
HAL_FLASHEx_OBGetConfig                           build/stm32f7xx_hal_flash_ex.o
HAL_FLASHEx_OBProgram                             build/stm32f7xx_hal_flash_ex.o
HAL_FLASH_EndOfOperationCallback                  build/stm32f7xx_hal_flash.o
HAL_FLASH_GetError                                build/stm32f7xx_hal_flash.o
HAL_FLASH_IRQHandler                              build/stm32f7xx_hal_flash.o
HAL_FLASH_Lock                                    build/stm32f7xx_hal_flash.o
HAL_FLASH_OB_Launch                               build/stm32f7xx_hal_flash.o
HAL_FLASH_OB_Lock                                 build/stm32f7xx_hal_flash.o
HAL_FLASH_OB_Unlock                               build/stm32f7xx_hal_flash.o
HAL_FLASH_OperationErrorCallback                  build/stm32f7xx_hal_flash.o
HAL_FLASH_Program                                 build/stm32f7xx_hal_flash.o
HAL_FLASH_Program_IT                              build/stm32f7xx_hal_flash.o
HAL_FLASH_Unlock                                  build/stm32f7xx_hal_flash.o
HAL_GPIO_DeInit                                   build/stm32f7xx_hal_gpio.o
                                                  build/stm32f7xx_hal_msp.o
                                                  build/stm32f7xx_hal_msp.o
HAL_GPIO_EXTI_Callback                            build/stm32f7xx_hal_gpio.o
HAL_GPIO_EXTI_IRQHandler                          build/stm32f7xx_hal_gpio.o
HAL_GPIO_Init                                     build/stm32f7xx_hal_gpio.o
                                                  build/main.o
                                                  build/stm32f7xx_hal_msp.o
                                                  build/stm32f7xx_hal_msp.o
                                                  build/stm32f7xx_hal_rcc.o
                                                  build/main.o
HAL_GPIO_LockPin                                  build/stm32f7xx_hal_gpio.o
HAL_GPIO_ReadPin                                  build/stm32f7xx_hal_gpio.o
HAL_GPIO_TogglePin                                build/stm32f7xx_hal_gpio.o
HAL_GPIO_WritePin                                 build/stm32f7xx_hal_gpio.o
                                                  build/main.o
                                                  build/main.o
HAL_GetDEVID                                      build/stm32f7xx_hal.o
HAL_GetHalVersion                                 build/stm32f7xx_hal.o
HAL_GetREVID                                      build/stm32f7xx_hal.o
HAL_GetTick                                       build/stm32f7xx_hal.o
                                                  build/stm32f7xx_hal_pwr_ex.o
                                                  build/stm32f7xx_hal_can.o
                                                  build/stm32f7xx_hal_i2c.o
                                                  build/stm32f7xx_hal_adc_ex.o
                                                  build/stm32f7xx_hal_rcc_ex.o
                                                  build/stm32f7xx_hal_flash.o
                                                  build/stm32f7xx_hal_adc.o
                                                  build/stm32f7xx_hal_rcc.o
                                                  build/stm32f7xx_hal_uart.o
                                                  build/stm32f7xx_hal_dma.o
HAL_GetTickFreq                                   build/stm32f7xx_hal.o
HAL_GetTickPrio                                   build/stm32f7xx_hal.o
HAL_GetUIDw0                                      build/stm32f7xx_hal.o
HAL_GetUIDw1                                      build/stm32f7xx_hal.o
HAL_GetUIDw2                                      build/stm32f7xx_hal.o
HAL_HalfDuplex_EnableReceiver                     build/stm32f7xx_hal_uart.o
HAL_HalfDuplex_EnableTransmitter                  build/stm32f7xx_hal_uart.o
HAL_HalfDuplex_Init                               build/stm32f7xx_hal_uart.o
HAL_I2CEx_ConfigAnalogFilter                      build/stm32f7xx_hal_i2c_ex.o
                                                  build/main.o
                                                  build/main.o
HAL_I2CEx_ConfigDigitalFilter                     build/stm32f7xx_hal_i2c_ex.o
                                                  build/main.o
                                                  build/main.o
HAL_I2CEx_DisableFastModePlus                     build/stm32f7xx_hal_i2c_ex.o
HAL_I2CEx_EnableFastModePlus                      build/stm32f7xx_hal_i2c_ex.o
HAL_I2C_AbortCpltCallback                         build/stm32f7xx_hal_i2c.o
HAL_I2C_AddrCallback                              build/stm32f7xx_hal_i2c.o
HAL_I2C_DeInit                                    build/stm32f7xx_hal_i2c.o
HAL_I2C_DisableListen_IT                          build/stm32f7xx_hal_i2c.o
HAL_I2C_ER_IRQHandler                             build/stm32f7xx_hal_i2c.o
HAL_I2C_EV_IRQHandler                             build/stm32f7xx_hal_i2c.o
HAL_I2C_EnableListen_IT                           build/stm32f7xx_hal_i2c.o
HAL_I2C_ErrorCallback                             build/stm32f7xx_hal_i2c.o
HAL_I2C_GetError                                  build/stm32f7xx_hal_i2c.o
HAL_I2C_GetMode                                   build/stm32f7xx_hal_i2c.o
HAL_I2C_GetState                                  build/stm32f7xx_hal_i2c.o
HAL_I2C_Init                                      build/stm32f7xx_hal_i2c.o
                                                  build/main.o
                                                  build/main.o
HAL_I2C_IsDeviceReady                             build/stm32f7xx_hal_i2c.o
HAL_I2C_ListenCpltCallback                        build/stm32f7xx_hal_i2c.o
HAL_I2C_MasterRxCpltCallback                      build/stm32f7xx_hal_i2c.o
HAL_I2C_MasterTxCpltCallback                      build/stm32f7xx_hal_i2c.o
HAL_I2C_Master_Abort_IT                           build/stm32f7xx_hal_i2c.o
HAL_I2C_Master_Receive                            build/stm32f7xx_hal_i2c.o
HAL_I2C_Master_Receive_DMA                        build/stm32f7xx_hal_i2c.o
HAL_I2C_Master_Receive_IT                         build/stm32f7xx_hal_i2c.o
HAL_I2C_Master_Sequential_Receive_IT              build/stm32f7xx_hal_i2c.o
HAL_I2C_Master_Sequential_Transmit_IT             build/stm32f7xx_hal_i2c.o
HAL_I2C_Master_Transmit                           build/stm32f7xx_hal_i2c.o
HAL_I2C_Master_Transmit_DMA                       build/stm32f7xx_hal_i2c.o
HAL_I2C_Master_Transmit_IT                        build/stm32f7xx_hal_i2c.o
HAL_I2C_MemRxCpltCallback                         build/stm32f7xx_hal_i2c.o
HAL_I2C_MemTxCpltCallback                         build/stm32f7xx_hal_i2c.o
HAL_I2C_Mem_Read                                  build/stm32f7xx_hal_i2c.o
HAL_I2C_Mem_Read_DMA                              build/stm32f7xx_hal_i2c.o
HAL_I2C_Mem_Read_IT                               build/stm32f7xx_hal_i2c.o
HAL_I2C_Mem_Write                                 build/stm32f7xx_hal_i2c.o
HAL_I2C_Mem_Write_DMA                             build/stm32f7xx_hal_i2c.o
HAL_I2C_Mem_Write_IT                              build/stm32f7xx_hal_i2c.o
HAL_I2C_MspDeInit                                 build/stm32f7xx_hal_msp.o
HAL_I2C_MspInit                                   build/stm32f7xx_hal_msp.o
HAL_I2C_SlaveRxCpltCallback                       build/stm32f7xx_hal_i2c.o
HAL_I2C_SlaveTxCpltCallback                       build/stm32f7xx_hal_i2c.o
HAL_I2C_Slave_Receive                             build/stm32f7xx_hal_i2c.o
HAL_I2C_Slave_Receive_DMA                         build/stm32f7xx_hal_i2c.o
HAL_I2C_Slave_Receive_IT                          build/stm32f7xx_hal_i2c.o
HAL_I2C_Slave_Sequential_Receive_IT               build/stm32f7xx_hal_i2c.o
HAL_I2C_Slave_Sequential_Transmit_IT              build/stm32f7xx_hal_i2c.o
HAL_I2C_Slave_Transmit                            build/stm32f7xx_hal_i2c.o
HAL_I2C_Slave_Transmit_DMA                        build/stm32f7xx_hal_i2c.o
HAL_I2C_Slave_Transmit_IT                         build/stm32f7xx_hal_i2c.o
HAL_IncTick                                       build/stm32f7xx_hal.o
                                                  build/stm32f7xx_it.o
                                                  build/stm32f7xx_it.o
HAL_Init                                          build/stm32f7xx_hal.o
                                                  build/main.o
                                                  build/main.o
HAL_InitTick                                      build/stm32f7xx_hal.o
                                                  build/stm32f7xx_hal_rcc.o
HAL_LIN_Init                                      build/stm32f7xx_hal_uart.o
HAL_LIN_SendBreak                                 build/stm32f7xx_hal_uart.o
HAL_MPU_ConfigRegion                              build/stm32f7xx_hal_cortex.o
HAL_MPU_Disable                                   build/stm32f7xx_hal_cortex.o
HAL_MPU_Enable                                    build/stm32f7xx_hal_cortex.o
HAL_MspDeInit                                     build/stm32f7xx_hal.o
HAL_MspInit                                       build/stm32f7xx_hal_msp.o
HAL_MultiProcessorEx_AddressLength_Set            build/stm32f7xx_hal_uart.o
HAL_MultiProcessor_DisableMuteMode                build/stm32f7xx_hal_uart.o
HAL_MultiProcessor_EnableMuteMode                 build/stm32f7xx_hal_uart.o
HAL_MultiProcessor_EnterMuteMode                  build/stm32f7xx_hal_uart.o
HAL_MultiProcessor_Init                           build/stm32f7xx_hal_uart.o
HAL_NVIC_ClearPendingIRQ                          build/stm32f7xx_hal_cortex.o
HAL_NVIC_DisableIRQ                               build/stm32f7xx_hal_cortex.o
HAL_NVIC_EnableIRQ                                build/stm32f7xx_hal_cortex.o
HAL_NVIC_GetActive                                build/stm32f7xx_hal_cortex.o
HAL_NVIC_GetPendingIRQ                            build/stm32f7xx_hal_cortex.o
HAL_NVIC_GetPriority                              build/stm32f7xx_hal_cortex.o
HAL_NVIC_GetPriorityGrouping                      build/stm32f7xx_hal_cortex.o
HAL_NVIC_SetPendingIRQ                            build/stm32f7xx_hal_cortex.o
HAL_NVIC_SetPriority                              build/stm32f7xx_hal_cortex.o
                                                  build/main.o
                                                  build/stm32f7xx_hal.o
                                                  build/stm32f7xx_hal_msp.o
                                                  build/stm32f7xx_hal_msp.o
                                                  build/main.o
HAL_NVIC_SetPriorityGrouping                      build/stm32f7xx_hal_cortex.o
                                                  build/stm32f7xx_hal.o
                                                  build/stm32f7xx_hal_msp.o
                                                  build/stm32f7xx_hal_msp.o
HAL_NVIC_SystemReset                              build/stm32f7xx_hal_cortex.o
HAL_PWREx_ControlVoltageScaling                   build/stm32f7xx_hal_pwr_ex.o
HAL_PWREx_DisableBkUpReg                          build/stm32f7xx_hal_pwr_ex.o
HAL_PWREx_DisableFlashPowerDown                   build/stm32f7xx_hal_pwr_ex.o
HAL_PWREx_DisableLowRegulatorLowVoltage           build/stm32f7xx_hal_pwr_ex.o
HAL_PWREx_DisableMainRegulatorLowVoltage          build/stm32f7xx_hal_pwr_ex.o
HAL_PWREx_DisableOverDrive                        build/stm32f7xx_hal_pwr_ex.o
HAL_PWREx_EnableBkUpReg                           build/stm32f7xx_hal_pwr_ex.o
HAL_PWREx_EnableFlashPowerDown                    build/stm32f7xx_hal_pwr_ex.o
HAL_PWREx_EnableLowRegulatorLowVoltage            build/stm32f7xx_hal_pwr_ex.o
HAL_PWREx_EnableMainRegulatorLowVoltage           build/stm32f7xx_hal_pwr_ex.o
HAL_PWREx_EnableOverDrive                         build/stm32f7xx_hal_pwr_ex.o
HAL_PWREx_EnterUnderDriveSTOPMode                 build/stm32f7xx_hal_pwr_ex.o
HAL_PWREx_GetVoltageRange                         build/stm32f7xx_hal_pwr_ex.o
HAL_PWR_ConfigPVD                                 build/stm32f7xx_hal_pwr.o
HAL_PWR_DeInit                                    build/stm32f7xx_hal_pwr.o
HAL_PWR_DisableBkUpAccess                         build/stm32f7xx_hal_pwr.o
HAL_PWR_DisablePVD                                build/stm32f7xx_hal_pwr.o
HAL_PWR_DisableSEVOnPend                          build/stm32f7xx_hal_pwr.o
HAL_PWR_DisableSleepOnExit                        build/stm32f7xx_hal_pwr.o
HAL_PWR_DisableWakeUpPin                          build/stm32f7xx_hal_pwr.o
HAL_PWR_EnableBkUpAccess                          build/stm32f7xx_hal_pwr.o
HAL_PWR_EnablePVD                                 build/stm32f7xx_hal_pwr.o
HAL_PWR_EnableSEVOnPend                           build/stm32f7xx_hal_pwr.o
HAL_PWR_EnableSleepOnExit                         build/stm32f7xx_hal_pwr.o
HAL_PWR_EnableWakeUpPin                           build/stm32f7xx_hal_pwr.o
HAL_PWR_EnterSLEEPMode                            build/stm32f7xx_hal_pwr.o
HAL_PWR_EnterSTANDBYMode                          build/stm32f7xx_hal_pwr.o
HAL_PWR_EnterSTOPMode                             build/stm32f7xx_hal_pwr.o
HAL_PWR_PVDCallback                               build/stm32f7xx_hal_pwr.o
HAL_PWR_PVD_IRQHandler                            build/stm32f7xx_hal_pwr.o
HAL_RCCEx_DisablePLLI2S                           build/stm32f7xx_hal_rcc_ex.o
HAL_RCCEx_DisablePLLSAI                           build/stm32f7xx_hal_rcc_ex.o
HAL_RCCEx_EnablePLLI2S                            build/stm32f7xx_hal_rcc_ex.o
HAL_RCCEx_EnablePLLSAI                            build/stm32f7xx_hal_rcc_ex.o
HAL_RCCEx_GetPeriphCLKConfig                      build/stm32f7xx_hal_rcc_ex.o
HAL_RCCEx_GetPeriphCLKFreq                        build/stm32f7xx_hal_rcc_ex.o
HAL_RCCEx_PeriphCLKConfig                         build/stm32f7xx_hal_rcc_ex.o
                                                  build/main.o
                                                  build/main.o
HAL_RCC_CSSCallback                               build/stm32f7xx_hal_rcc.o
HAL_RCC_ClockConfig                               build/stm32f7xx_hal_rcc.o
                                                  build/main.o
                                                  build/main.o
HAL_RCC_DeInit                                    build/stm32f7xx_hal_rcc.o
HAL_RCC_DisableCSS                                build/stm32f7xx_hal_rcc.o
HAL_RCC_EnableCSS                                 build/stm32f7xx_hal_rcc.o
HAL_RCC_GetClockConfig                            build/stm32f7xx_hal_rcc.o
HAL_RCC_GetHCLKFreq                               build/stm32f7xx_hal_rcc.o
                                                  build/main.o
                                                  build/main.o
HAL_RCC_GetOscConfig                              build/stm32f7xx_hal_rcc.o
HAL_RCC_GetPCLK1Freq                              build/stm32f7xx_hal_rcc.o
                                                  build/stm32f7xx_hal_uart.o
HAL_RCC_GetPCLK2Freq                              build/stm32f7xx_hal_rcc.o
                                                  build/stm32f7xx_hal_uart.o
HAL_RCC_GetSysClockFreq                           build/stm32f7xx_hal_rcc.o
                                                  build/stm32f7xx_hal_uart.o
HAL_RCC_MCOConfig                                 build/stm32f7xx_hal_rcc.o
HAL_RCC_NMI_IRQHandler                            build/stm32f7xx_hal_rcc.o
HAL_RCC_OscConfig                                 build/stm32f7xx_hal_rcc.o
                                                  build/main.o
                                                  build/main.o
HAL_RS485Ex_Init                                  build/stm32f7xx_hal_uart.o
HAL_ResumeTick                                    build/stm32f7xx_hal.o
HAL_SYSTICK_CLKSourceConfig                       build/stm32f7xx_hal_cortex.o
                                                  build/main.o
                                                  build/main.o
HAL_SYSTICK_Callback                              build/stm32f7xx_hal_cortex.o
HAL_SYSTICK_Config                                build/stm32f7xx_hal_cortex.o
                                                  build/main.o
                                                  build/stm32f7xx_hal.o
                                                  build/main.o
HAL_SYSTICK_IRQHandler                            build/stm32f7xx_hal_cortex.o
                                                  build/stm32f7xx_it.o
                                                  build/stm32f7xx_it.o
HAL_SetTickFreq                                   build/stm32f7xx_hal.o
HAL_SuspendTick                                   build/stm32f7xx_hal.o
HAL_TIMEx_BreakCallback                           build/stm32f7xx_hal_tim_ex.o
                                                  build/stm32f7xx_hal_tim.o
HAL_TIMEx_CommutationCallback                     build/stm32f7xx_hal_tim_ex.o
                                                  build/stm32f7xx_hal_tim.o
HAL_TIMEx_ConfigBreakDeadTime                     build/stm32f7xx_hal_tim_ex.o
HAL_TIMEx_ConfigBreakInput                        build/stm32f7xx_hal_tim_ex.o
HAL_TIMEx_ConfigCommutationEvent                  build/stm32f7xx_hal_tim_ex.o
HAL_TIMEx_ConfigCommutationEvent_DMA              build/stm32f7xx_hal_tim_ex.o
HAL_TIMEx_ConfigCommutationEvent_IT               build/stm32f7xx_hal_tim_ex.o
HAL_TIMEx_GroupChannel5                           build/stm32f7xx_hal_tim_ex.o
HAL_TIMEx_HallSensor_DeInit                       build/stm32f7xx_hal_tim_ex.o
HAL_TIMEx_HallSensor_GetState                     build/stm32f7xx_hal_tim_ex.o
HAL_TIMEx_HallSensor_Init                         build/stm32f7xx_hal_tim_ex.o
HAL_TIMEx_HallSensor_MspDeInit                    build/stm32f7xx_hal_tim_ex.o
HAL_TIMEx_HallSensor_MspInit                      build/stm32f7xx_hal_tim_ex.o
HAL_TIMEx_HallSensor_Start                        build/stm32f7xx_hal_tim_ex.o
HAL_TIMEx_HallSensor_Start_DMA                    build/stm32f7xx_hal_tim_ex.o
HAL_TIMEx_HallSensor_Start_IT                     build/stm32f7xx_hal_tim_ex.o
HAL_TIMEx_HallSensor_Stop                         build/stm32f7xx_hal_tim_ex.o
HAL_TIMEx_HallSensor_Stop_DMA                     build/stm32f7xx_hal_tim_ex.o
HAL_TIMEx_HallSensor_Stop_IT                      build/stm32f7xx_hal_tim_ex.o
HAL_TIMEx_MasterConfigSynchronization             build/stm32f7xx_hal_tim_ex.o
                                                  build/main.o
                                                  build/main.o
HAL_TIMEx_OCN_Start                               build/stm32f7xx_hal_tim_ex.o
HAL_TIMEx_OCN_Start_DMA                           build/stm32f7xx_hal_tim_ex.o
HAL_TIMEx_OCN_Start_IT                            build/stm32f7xx_hal_tim_ex.o
HAL_TIMEx_OCN_Stop                                build/stm32f7xx_hal_tim_ex.o
HAL_TIMEx_OCN_Stop_DMA                            build/stm32f7xx_hal_tim_ex.o
HAL_TIMEx_OCN_Stop_IT                             build/stm32f7xx_hal_tim_ex.o
HAL_TIMEx_OnePulseN_Start                         build/stm32f7xx_hal_tim_ex.o
HAL_TIMEx_OnePulseN_Start_IT                      build/stm32f7xx_hal_tim_ex.o
HAL_TIMEx_OnePulseN_Stop                          build/stm32f7xx_hal_tim_ex.o
HAL_TIMEx_OnePulseN_Stop_IT                       build/stm32f7xx_hal_tim_ex.o
HAL_TIMEx_PWMN_Start                              build/stm32f7xx_hal_tim_ex.o
HAL_TIMEx_PWMN_Start_DMA                          build/stm32f7xx_hal_tim_ex.o
HAL_TIMEx_PWMN_Start_IT                           build/stm32f7xx_hal_tim_ex.o
HAL_TIMEx_PWMN_Stop                               build/stm32f7xx_hal_tim_ex.o
HAL_TIMEx_PWMN_Stop_DMA                           build/stm32f7xx_hal_tim_ex.o
HAL_TIMEx_PWMN_Stop_IT                            build/stm32f7xx_hal_tim_ex.o
HAL_TIMEx_RemapConfig                             build/stm32f7xx_hal_tim_ex.o
HAL_TIM_Base_DeInit                               build/stm32f7xx_hal_tim.o
HAL_TIM_Base_GetState                             build/stm32f7xx_hal_tim.o
HAL_TIM_Base_Init                                 build/stm32f7xx_hal_tim.o
HAL_TIM_Base_MspDeInit                            build/stm32f7xx_hal_tim.o
HAL_TIM_Base_MspInit                              build/stm32f7xx_hal_tim.o
HAL_TIM_Base_Start                                build/stm32f7xx_hal_tim.o
HAL_TIM_Base_Start_DMA                            build/stm32f7xx_hal_tim.o
HAL_TIM_Base_Start_IT                             build/stm32f7xx_hal_tim.o
HAL_TIM_Base_Stop                                 build/stm32f7xx_hal_tim.o
HAL_TIM_Base_Stop_DMA                             build/stm32f7xx_hal_tim.o
HAL_TIM_Base_Stop_IT                              build/stm32f7xx_hal_tim.o
HAL_TIM_ConfigClockSource                         build/stm32f7xx_hal_tim.o
HAL_TIM_ConfigOCrefClear                          build/stm32f7xx_hal_tim_ex.o
                                                  build/stm32f7xx_hal_tim.o
HAL_TIM_ConfigTI1Input                            build/stm32f7xx_hal_tim.o
HAL_TIM_DMABurst_ReadStart                        build/stm32f7xx_hal_tim.o
HAL_TIM_DMABurst_ReadStop                         build/stm32f7xx_hal_tim.o
HAL_TIM_DMABurst_WriteStart                       build/stm32f7xx_hal_tim.o
HAL_TIM_DMABurst_WriteStop                        build/stm32f7xx_hal_tim.o
HAL_TIM_Encoder_DeInit                            build/stm32f7xx_hal_tim.o
HAL_TIM_Encoder_GetState                          build/stm32f7xx_hal_tim.o
HAL_TIM_Encoder_Init                              build/stm32f7xx_hal_tim.o
HAL_TIM_Encoder_MspDeInit                         build/stm32f7xx_hal_tim.o
HAL_TIM_Encoder_MspInit                           build/stm32f7xx_hal_tim.o
HAL_TIM_Encoder_Start                             build/stm32f7xx_hal_tim.o
HAL_TIM_Encoder_Start_DMA                         build/stm32f7xx_hal_tim.o
HAL_TIM_Encoder_Start_IT                          build/stm32f7xx_hal_tim.o
HAL_TIM_Encoder_Stop                              build/stm32f7xx_hal_tim.o
HAL_TIM_Encoder_Stop_DMA                          build/stm32f7xx_hal_tim.o
HAL_TIM_Encoder_Stop_IT                           build/stm32f7xx_hal_tim.o
HAL_TIM_ErrorCallback                             build/stm32f7xx_hal_tim.o
HAL_TIM_GenerateEvent                             build/stm32f7xx_hal_tim.o
HAL_TIM_IC_CaptureCallback                        build/stm32f7xx_hal_tim.o
HAL_TIM_IC_ConfigChannel                          build/stm32f7xx_hal_tim.o
HAL_TIM_IC_DeInit                                 build/stm32f7xx_hal_tim.o
HAL_TIM_IC_GetState                               build/stm32f7xx_hal_tim.o
HAL_TIM_IC_Init                                   build/stm32f7xx_hal_tim.o
HAL_TIM_IC_MspDeInit                              build/stm32f7xx_hal_tim.o
HAL_TIM_IC_MspInit                                build/stm32f7xx_hal_tim.o
HAL_TIM_IC_Start                                  build/stm32f7xx_hal_tim.o
HAL_TIM_IC_Start_DMA                              build/stm32f7xx_hal_tim.o
HAL_TIM_IC_Start_IT                               build/stm32f7xx_hal_tim.o
HAL_TIM_IC_Stop                                   build/stm32f7xx_hal_tim.o
HAL_TIM_IC_Stop_DMA                               build/stm32f7xx_hal_tim.o
HAL_TIM_IC_Stop_IT                                build/stm32f7xx_hal_tim.o
HAL_TIM_IRQHandler                                build/stm32f7xx_hal_tim.o
HAL_TIM_MspPostInit                               build/stm32f7xx_hal_msp.o
                                                  build/main.o
                                                  build/main.o
HAL_TIM_OC_ConfigChannel                          build/stm32f7xx_hal_tim_ex.o
                                                  build/stm32f7xx_hal_tim.o
HAL_TIM_OC_DeInit                                 build/stm32f7xx_hal_tim.o
HAL_TIM_OC_DelayElapsedCallback                   build/stm32f7xx_hal_tim.o
HAL_TIM_OC_GetState                               build/stm32f7xx_hal_tim.o
HAL_TIM_OC_Init                                   build/stm32f7xx_hal_tim.o
HAL_TIM_OC_MspDeInit                              build/stm32f7xx_hal_tim.o
HAL_TIM_OC_MspInit                                build/stm32f7xx_hal_tim.o
HAL_TIM_OC_Start                                  build/stm32f7xx_hal_tim.o
HAL_TIM_OC_Start_DMA                              build/stm32f7xx_hal_tim.o
HAL_TIM_OC_Start_IT                               build/stm32f7xx_hal_tim.o
HAL_TIM_OC_Stop                                   build/stm32f7xx_hal_tim.o
HAL_TIM_OC_Stop_DMA                               build/stm32f7xx_hal_tim.o
HAL_TIM_OC_Stop_IT                                build/stm32f7xx_hal_tim.o
HAL_TIM_OnePulse_ConfigChannel                    build/stm32f7xx_hal_tim.o
HAL_TIM_OnePulse_DeInit                           build/stm32f7xx_hal_tim.o
HAL_TIM_OnePulse_GetState                         build/stm32f7xx_hal_tim.o
HAL_TIM_OnePulse_Init                             build/stm32f7xx_hal_tim.o
HAL_TIM_OnePulse_MspDeInit                        build/stm32f7xx_hal_tim.o
HAL_TIM_OnePulse_MspInit                          build/stm32f7xx_hal_tim.o
HAL_TIM_OnePulse_Start                            build/stm32f7xx_hal_tim.o
HAL_TIM_OnePulse_Start_IT                         build/stm32f7xx_hal_tim.o
HAL_TIM_OnePulse_Stop                             build/stm32f7xx_hal_tim.o
HAL_TIM_OnePulse_Stop_IT                          build/stm32f7xx_hal_tim.o
HAL_TIM_PWM_ConfigChannel                         build/stm32f7xx_hal_tim_ex.o
                                                  build/stm32f7xx_hal_tim.o
                                                  build/main.o
                                                  build/main.o
HAL_TIM_PWM_DeInit                                build/stm32f7xx_hal_tim.o
HAL_TIM_PWM_GetState                              build/stm32f7xx_hal_tim.o
HAL_TIM_PWM_Init                                  build/stm32f7xx_hal_tim.o
                                                  build/main.o
                                                  build/main.o
HAL_TIM_PWM_MspDeInit                             build/stm32f7xx_hal_msp.o
                                                  build/stm32f7xx_hal_tim.o
HAL_TIM_PWM_MspInit                               build/stm32f7xx_hal_msp.o
                                                  build/stm32f7xx_hal_tim.o
HAL_TIM_PWM_PulseFinishedCallback                 build/stm32f7xx_hal_tim.o
HAL_TIM_PWM_Start                                 build/stm32f7xx_hal_tim.o
HAL_TIM_PWM_Start_DMA                             build/stm32f7xx_hal_tim.o
HAL_TIM_PWM_Start_IT                              build/stm32f7xx_hal_tim.o
HAL_TIM_PWM_Stop                                  build/stm32f7xx_hal_tim.o
HAL_TIM_PWM_Stop_DMA                              build/stm32f7xx_hal_tim.o
HAL_TIM_PWM_Stop_IT                               build/stm32f7xx_hal_tim.o
HAL_TIM_PeriodElapsedCallback                     build/stm32f7xx_hal_tim.o
HAL_TIM_ReadCapturedValue                         build/stm32f7xx_hal_tim.o
HAL_TIM_SlaveConfigSynchronization                build/stm32f7xx_hal_tim.o
HAL_TIM_SlaveConfigSynchronization_IT             build/stm32f7xx_hal_tim.o
HAL_TIM_TriggerCallback                           build/stm32f7xx_hal_tim.o
HAL_UART_DMAPause                                 build/stm32f7xx_hal_uart.o
HAL_UART_DMAResume                                build/stm32f7xx_hal_uart.o
HAL_UART_DMAStop                                  build/stm32f7xx_hal_uart.o
HAL_UART_DeInit                                   build/stm32f7xx_hal_uart.o
HAL_UART_ErrorCallback                            build/stm32f7xx_hal_uart.o
HAL_UART_GetError                                 build/stm32f7xx_hal_uart.o
HAL_UART_GetState                                 build/stm32f7xx_hal_uart.o
HAL_UART_IRQHandler                               build/stm32f7xx_hal_uart.o
HAL_UART_Init                                     build/stm32f7xx_hal_uart.o
                                                  build/main.o
                                                  build/main.o
HAL_UART_MspDeInit                                build/stm32f7xx_hal_msp.o
                                                  build/stm32f7xx_hal_uart.o
HAL_UART_MspInit                                  build/stm32f7xx_hal_msp.o
                                                  build/stm32f7xx_hal_uart.o
HAL_UART_Receive                                  build/stm32f7xx_hal_uart.o
HAL_UART_Receive_DMA                              build/stm32f7xx_hal_uart.o
HAL_UART_Receive_IT                               build/stm32f7xx_hal_uart.o
HAL_UART_RxCpltCallback                           build/stm32f7xx_hal_uart.o
HAL_UART_RxHalfCpltCallback                       build/stm32f7xx_hal_uart.o
HAL_UART_Transmit                                 build/stm32f7xx_hal_uart.o
HAL_UART_Transmit_DMA                             build/stm32f7xx_hal_uart.o
HAL_UART_Transmit_IT                              build/stm32f7xx_hal_uart.o
HAL_UART_TxCpltCallback                           build/stm32f7xx_hal_uart.o
HAL_UART_TxHalfCpltCallback                       build/stm32f7xx_hal_uart.o
HardFault_Handler                                 build/stm32f7xx_it.o
I2C1_ER_IRQHandler                                build/startup_stm32f767xx.o
I2C1_EV_IRQHandler                                build/startup_stm32f767xx.o
I2C2_ER_IRQHandler                                build/startup_stm32f767xx.o
I2C2_EV_IRQHandler                                build/startup_stm32f767xx.o
I2C3_ER_IRQHandler                                build/startup_stm32f767xx.o
I2C3_EV_IRQHandler                                build/startup_stm32f767xx.o
I2C4_ER_IRQHandler                                build/startup_stm32f767xx.o
I2C4_EV_IRQHandler                                build/startup_stm32f767xx.o
JPEG_IRQHandler                                   build/startup_stm32f767xx.o
LPTIM1_IRQHandler                                 build/startup_stm32f767xx.o
LTDC_ER_IRQHandler                                build/startup_stm32f767xx.o
LTDC_IRQHandler                                   build/startup_stm32f767xx.o
MDIOS_IRQHandler                                  build/startup_stm32f767xx.o
MemManage_Handler                                 build/stm32f7xx_it.o
NMI_Handler                                       build/stm32f7xx_it.o
OTG_FS_IRQHandler                                 build/startup_stm32f767xx.o
OTG_FS_WKUP_IRQHandler                            build/startup_stm32f767xx.o
OTG_HS_EP1_IN_IRQHandler                          build/startup_stm32f767xx.o
OTG_HS_EP1_OUT_IRQHandler                         build/startup_stm32f767xx.o
OTG_HS_IRQHandler                                 build/startup_stm32f767xx.o
OTG_HS_WKUP_IRQHandler                            build/startup_stm32f767xx.o
PVD_IRQHandler                                    build/startup_stm32f767xx.o
PendSV_Handler                                    build/stm32f7xx_it.o
QUADSPI_IRQHandler                                build/startup_stm32f767xx.o
RCC_IRQHandler                                    build/startup_stm32f767xx.o
RNG_IRQHandler                                    build/startup_stm32f767xx.o
RTC_Alarm_IRQHandler                              build/startup_stm32f767xx.o
RTC_WKUP_IRQHandler                               build/startup_stm32f767xx.o
Reset_Handler                                     build/startup_stm32f767xx.o
SAI1_IRQHandler                                   build/startup_stm32f767xx.o
SAI2_IRQHandler                                   build/startup_stm32f767xx.o
SDMMC1_IRQHandler                                 build/startup_stm32f767xx.o
SDMMC2_IRQHandler                                 build/startup_stm32f767xx.o
SPDIF_RX_IRQHandler                               build/startup_stm32f767xx.o
SPI1_IRQHandler                                   build/startup_stm32f767xx.o
SPI2_IRQHandler                                   build/startup_stm32f767xx.o
SPI3_IRQHandler                                   build/startup_stm32f767xx.o
SPI4_IRQHandler                                   build/startup_stm32f767xx.o
SPI5_IRQHandler                                   build/startup_stm32f767xx.o
SPI6_IRQHandler                                   build/startup_stm32f767xx.o
SVC_Handler                                       build/stm32f7xx_it.o
SysTick_Handler                                   build/stm32f7xx_it.o
SystemClock_Config                                build/main.o
SystemCoreClock                                   build/system_stm32f7xx.o
                                                  build/stm32f7xx_hal_adc_ex.o
                                                  build/stm32f7xx_hal.o
                                                  build/stm32f7xx_hal_adc.o
                                                  build/stm32f7xx_hal_rcc.o
                                                  build/stm32f7xx_hal_dma.o
SystemCoreClockUpdate                             build/system_stm32f7xx.o
SystemInit                                        build/system_stm32f7xx.o
                                                  build/startup_stm32f767xx.o
TAMP_STAMP_IRQHandler                             build/startup_stm32f767xx.o
TIM1_BRK_TIM9_IRQHandler                          build/startup_stm32f767xx.o
TIM1_CC_IRQHandler                                build/startup_stm32f767xx.o
TIM1_TRG_COM_TIM11_IRQHandler                     build/startup_stm32f767xx.o
TIM1_UP_TIM10_IRQHandler                          build/startup_stm32f767xx.o
TIM2_IRQHandler                                   build/startup_stm32f767xx.o
TIM3_IRQHandler                                   build/startup_stm32f767xx.o
TIM4_IRQHandler                                   build/startup_stm32f767xx.o
TIM5_IRQHandler                                   build/startup_stm32f767xx.o
TIM6_DAC_IRQHandler                               build/startup_stm32f767xx.o
TIM7_IRQHandler                                   build/startup_stm32f767xx.o
TIM8_BRK_TIM12_IRQHandler                         build/startup_stm32f767xx.o
TIM8_CC_IRQHandler                                build/startup_stm32f767xx.o